Archive member included because of file (symbol)

C:/ISIS/workspace_tevel/ycube/GlobusSatProject/..//hal/hal/lib\libHALD.a(I2C.o)
                              ./src/SubSystemModules/Communication/SubsystemCommands/Maintanence_Commands.o (I2C_write)
C:/ISIS/workspace_tevel/ycube/GlobusSatProject/..//hal/hal/lib\libHALD.a(SPI.o)
                              ./src/InitSystem.o (SPI_start)
C:/ISIS/workspace_tevel/ycube/GlobusSatProject/..//hal/hal/lib\libHALD.a(FRAM.o)
                              ./src/SubSystemModules/Communication/SubsystemCommands/Maintanence_Commands.o (FRAM_start)
C:/ISIS/workspace_tevel/ycube/GlobusSatProject/..//hal/hal/lib\libHALD.a(Time.o)
                              ./src/InitSystem.o (Time_start)
C:/ISIS/workspace_tevel/ycube/GlobusSatProject/..//hal/hal/lib\libHALD.a(WatchDogTimerNoOS.o)
                              ./src/main.o (WDT_start)
C:/ISIS/workspace_tevel/ycube/GlobusSatProject/..//hal/hal/lib\libHALD.a(WatchDogTimerOS.o)
                              ./src/TestingDemos/MainTest.o (WDT_startWatchdogKickTask)
C:/ISIS/workspace_tevel/ycube/GlobusSatProject/..//hal/hal/lib\libHALD.a(fprintf.o)
                              ./src/TLM_management.o (f_puts)
C:/ISIS/workspace_tevel/ycube/GlobusSatProject/..//hal/hal/lib\libHALD.a(util.o)
                              ./src/TestingDemos/EpsTestingDemo.o (UTIL_DbguGetInteger)
C:/ISIS/workspace_tevel/ycube/GlobusSatProject/..//hal/hal/lib\libHALD.a(LED.o)
                              C:/ISIS/workspace_tevel/ycube/GlobusSatProject/..//hal/hal/lib\libHALD.a(WatchDogTimerOS.o) (LED_toggle)
C:/ISIS/workspace_tevel/ycube/GlobusSatProject/..//hal/hal/lib\libHALD.a(RTC.o)
                              C:/ISIS/workspace_tevel/ycube/GlobusSatProject/..//hal/hal/lib\libHALD.a(Time.o) (RTC_getTime)
C:/ISIS/workspace_tevel/ycube/GlobusSatProject/..//hal/hal/lib\libHALD.a(RTT.o)
                              C:/ISIS/workspace_tevel/ycube/GlobusSatProject/..//hal/hal/lib\libHALD.a(Time.o) (RTT_start)
C:/ISIS/workspace_tevel/ycube/GlobusSatProject/..//hal/hcc/lib\libHCCD.a(fat_common.o)
                              ./src/TLM_management.o (fn_init)
C:/ISIS/workspace_tevel/ycube/GlobusSatProject/..//hal/hcc/lib\libHCCD.a(fat_m.o)
                              ./src/TLM_management.o (fm_initvolume)
C:/ISIS/workspace_tevel/ycube/GlobusSatProject/..//hal/hcc/lib\libHCCD.a(safefat.o)
                              C:/ISIS/workspace_tevel/ycube/GlobusSatProject/..//hal/hcc/lib\libHCCD.a(fat_common.o) (safe_fix_filelengths)
C:/ISIS/workspace_tevel/ycube/GlobusSatProject/..//hal/hcc/lib\libHCCD.a(atmel_mcipdc.o)
                              ./src/TLM_management.o (atmel_mcipdc_initfunc)
C:/ISIS/workspace_tevel/ycube/GlobusSatProject/..//hal/hcc/lib\libHCCD.a(oalp_mutex.o)
                              C:/ISIS/workspace_tevel/ycube/GlobusSatProject/..//hal/hcc/lib\libHCCD.a(fat_common.o) (oal_mutex_create)
C:/ISIS/workspace_tevel/ycube/GlobusSatProject/..//hal/hcc/lib\libHCCD.a(oalp_task.o)
                              C:/ISIS/workspace_tevel/ycube/GlobusSatProject/..//hal/hcc/lib\libHCCD.a(fat_common.o) (oal_task_get_id)
C:/ISIS/workspace_tevel/ycube/GlobusSatProject/..//hal/hcc/lib\libHCCD.a(atmel_mcipdc_hw.o)
                              C:/ISIS/workspace_tevel/ycube/GlobusSatProject/..//hal/hcc/lib\libHCCD.a(atmel_mcipdc.o) (mcipdc_hw_init)
C:/ISIS/workspace_tevel/ycube/GlobusSatProject/..//hal/hcc/lib\libHCCD.a(psp_rand.o)
                              C:/ISIS/workspace_tevel/ycube/GlobusSatProject/..//hal/hcc/lib\libHCCD.a(fat_common.o) (psp_getrand)
C:/ISIS/workspace_tevel/ycube/GlobusSatProject/..//hal/hcc/lib\libHCCD.a(psp_rtc.o)
                              C:/ISIS/workspace_tevel/ycube/GlobusSatProject/..//hal/hcc/lib\libHCCD.a(fat_common.o) (psp_getcurrenttimedate)
C:/ISIS/workspace_tevel/ycube/GlobusSatProject/..//hal/hcc/lib\libHCCD.a(hcc_mem.o)
                              C:/ISIS/workspace_tevel/ycube/GlobusSatProject/..//hal/hcc/lib\libHCCD.a(atmel_mcipdc.o) (hcc_mem_alloc)
C:/ISIS/workspace_tevel/ycube/GlobusSatProject/..//hal/hcc/lib\libHCCD.a(fat.o)
                              C:/ISIS/workspace_tevel/ycube/GlobusSatProject/..//hal/hcc/lib\libHCCD.a(fat_common.o) (_f_getdirsector)
C:/ISIS/workspace_tevel/ycube/GlobusSatProject/..//hal/hcc/lib\libHCCD.a(psp_hcc_mem.o)
                              C:/ISIS/workspace_tevel/ycube/GlobusSatProject/..//hal/hcc/lib\libHCCD.a(hcc_mem.o) (hcc_mem_buf_alloc)
C:/ISIS/workspace_tevel/ycube/GlobusSatProject/..//satellite-subsystems/satellite-subsystems/lib\libSatelliteSubsystemsD.a(IsisAntS.o)
                              ./src/SubSystemModules/Communication/TRXVU.o (IsisAntS_initialize)
C:/ISIS/workspace_tevel/ycube/GlobusSatProject/..//satellite-subsystems/satellite-subsystems/lib\libSatelliteSubsystemsD.a(IsisSolarPanelv2.o)
                              ./src/SubSystemModules/PowerManagment/EPS.o (IsisSolarPanelv2_initialize)
[...]
Memory Configuration

Name             Origin             Length             Attributes
sram0            0x00200000         0x00004000         w !xr
sram1            0x00300000         0x00004000         w !xr
sdram            0x20000000         0x02000000         w !xr
*default*        0x00000000         0xffffffff

Linker script and memory map

LOAD c:/isis/application/toolchain/bin/../lib/gcc/arm-none-eabi/4.7.4/../../../../arm-none-eabi/lib\libc.a
LOAD ./src/TestingDemos/CommandsTestingDemo.o
LOAD ./src/TestingDemos/EpsTestingDemo.o
LOAD ./src/TestingDemos/FileSystemTestingDemo.o
LOAD ./src/TestingDemos/MainTest.o
LOAD ./src/TestingDemos/MaintenanceTestingDemo.o
LOAD ./src/TestingDemos/TelemetryTestingDemo.o
LOAD ./src/TestingDemos/TrxvuTestingDemo.o
LOAD ./src/SubSystemModules/PowerManagment/EPS.o
LOAD ./src/SubSystemModules/PowerManagment/EPSOperationModes.o
LOAD ./src/SubSystemModules/Maintenance/Maintenance.o
LOAD ./src/SubSystemModules/Housekepping/TelemetryCollector.o
LOAD ./src/SubSystemModules/Communication/SubsystemCommands/EPS_Commands.o
LOAD ./src/SubSystemModules/Communication/SubsystemCommands/FS_Commands.o
LOAD ./src/SubSystemModules/Communication/SubsystemCommands/Maintanence_Commands.o
LOAD ./src/SubSystemModules/Communication/SubsystemCommands/TRXVU_Commands.o
LOAD ./src/SubSystemModules/Communication/AckHandler.o
LOAD ./src/SubSystemModules/Communication/CommandDictionary.o
LOAD ./src/SubSystemModules/Communication/SatCommandHandler.o
LOAD ./src/SubSystemModules/Communication/TRXVU.o
LOAD ./src/InitSystem.o
LOAD ./src/TLM_management.o
LOAD ./src/main.o
LOAD ./src/utils.o
LOAD C:/ISIS/workspace_tevel/ycube/GlobusSatProject/..//hal/hal/lib\libHALD.a
LOAD C:/ISIS/workspace_tevel/ycube/GlobusSatProject/..//hal/hcc/lib\libHCCD.a
LOAD C:/ISIS/workspace_tevel/ycube/GlobusSatProject/..//satellite-subsystems/satellite-subsystems/lib\libSatelliteSubsystemsD.a
LOAD C:/ISIS/workspace_tevel/ycube/GlobusSatProject/..//hal/freertos/lib\libFreeRTOSD.a
LOAD C:/ISIS/workspace_tevel/ycube/GlobusSatProject/..//hal/at91/lib\libAt91D.a
START GROUP
LOAD c:/isis/application/toolchain/bin/../lib/gcc/arm-none-eabi/4.7.4\libgcc.a
LOAD c:/isis/application/toolchain/bin/../lib/gcc/arm-none-eabi/4.7.4/../../../../arm-none-eabi/lib\libg.a
LOAD c:/isis/application/toolchain/bin/../lib/gcc/arm-none-eabi/4.7.4/../../../../arm-none-eabi/lib\libc.a
END GROUP

.fixed          0x20000000    0x38950
                0x20000000                . = ALIGN (0x4)
                0x20000000                _sfixed = .
 *(.startup)
 .startup       0x20000000      0x14c C:/ISIS/workspace_tevel/ycube/GlobusSatProject/..//hal/at91/lib\libAt91D.a(board_cstartup.o)
                0x20000000                entry
 *(.text)
 .text          0x2000014c       0x64 C:/ISIS/workspace_tevel/ycube/GlobusSatProject/..//hal/at91/lib\libAt91D.a(cp15_asm.o)
                0x2000014c                _readControlRegister
                0x20000158                _writeControlRegister
                0x20000160                _waitForInterrupt
                0x2000016c                _writeTTB
                0x20000174                _writeDomain
                0x2000017c                _writeITLBLockdown
                0x20000184                _prefetchICacheLine
                0x2000018c                _flushDCache
                0x20000198                _flushWriteBuffer
                0x200001a4                _invalidateIDTLBs
 .text          0x200001b0      0x114 c:/isis/application/toolchain/bin/../lib/gcc/arm-none-eabi/4.7.4\libgcc.a(_udivsi3.o)
                0x200001b0                __aeabi_uidiv
                0x200001b0                __udivsi3
                0x200002a4                __aeabi_uidivmod
 .text          0x200002c4      0x148 c:/isis/application/toolchain/bin/../lib/gcc/arm-none-eabi/4.7.4\libgcc.a(_divsi3.o)
                0x200002c4                __divsi3
                0x200002c4                __aeabi_idiv
                0x200003ec                __aeabi_idivmod
 .text          0x2000040c        0x4 c:/isis/application/toolchain/bin/../lib/gcc/arm-none-eabi/4.7.4\libgcc.a(_dvmd_tls.o)
                0x2000040c                __aeabi_idiv0
                0x2000040c                __aeabi_ldiv0
 .text          0x20000410      0x41c c:/isis/application/toolchain/bin/../lib/gcc/arm-none-eabi/4.7.4\libgcc.a(_arm_addsubdf3.o)
                0x20000410                __aeabi_drsub
                0x20000418                __aeabi_dsub
                0x20000418                __subdf3
                0x2000041c                __aeabi_dadd
                0x2000041c                __adddf3
                0x2000072c                __floatunsidf
                0x2000072c                __aeabi_ui2d
                0x20000750                __floatsidf
                0x20000750                __aeabi_i2d
                0x20000778                __aeabi_f2d
                0x20000778                __extendsfdf2
                0x200007b8                __floatundidf
                0x200007b8                __aeabi_ul2d
                0x200007cc                __floatdidf
                0x200007cc                __aeabi_l2d
 .text          0x2000082c      0x49c c:/isis/application/toolchain/bin/../lib/gcc/arm-none-eabi/4.7.4\libgcc.a(_arm_muldivdf3.o)
                0x2000082c                __aeabi_dmul
                0x2000082c                __muldf3
                0x20000abc                __divdf3
                0x20000abc                __aeabi_ddiv
 .text          0x20000cc8      0x144 c:/isis/application/toolchain/bin/../lib/gcc/arm-none-eabi/4.7.4\libgcc.a(_arm_cmpdf2.o)
                0x20000cc8                __gtdf2
                0x20000cc8                __gedf2
                0x20000cd0                __ltdf2
                0x20000cd0                __ledf2
                0x20000cd8                __nedf2
                0x20000cd8                __eqdf2
                0x20000cd8                __cmpdf2
                0x20000d60                __aeabi_cdrcmple
                0x20000d7c                __aeabi_cdcmpeq
                0x20000d7c                __aeabi_cdcmple
                0x20000d94                __aeabi_dcmpeq
                0x20000dac                __aeabi_dcmplt
                0x20000dc4                __aeabi_dcmple
                0x20000ddc                __aeabi_dcmpge
                0x20000df4                __aeabi_dcmpgt
 .text          0x20000e0c      0x2ac c:/isis/application/toolchain/bin/../lib/gcc/arm-none-eabi/4.7.4\libgcc.a(_arm_addsubsf3.o)
                0x20000e0c                __aeabi_frsub
                0x20000e14                __subsf3
                0x20000e14                __aeabi_fsub
                0x20000e18                __aeabi_fadd
                0x20000e18                __addsf3
                0x20000fd4                __aeabi_ui2f
                0x20000fd4                __floatunsisf
                0x20000fdc                __aeabi_i2f
                0x20000fdc                __floatsisf
                0x20000ffc                __aeabi_ul2f
                0x20000ffc                __floatundisf
                0x2000100c                __aeabi_l2f
                0x2000100c                __floatdisf
 .text          0x200010b8      0x2f8 c:/isis/application/toolchain/bin/../lib/gcc/arm-none-eabi/4.7.4\libgcc.a(_arm_muldivsf3.o)
                0x200010b8                __mulsf3
                0x200010b8                __aeabi_fmul
                0x20001250                __aeabi_fdiv
                0x20001250                __divsf3
 .text          0x200013b0      0x114 c:/isis/application/toolchain/bin/../lib/gcc/arm-none-eabi/4.7.4\libgcc.a(_arm_cmpsf2.o)
                0x200013b0                __gesf2
                0x200013b0                __gtsf2
                0x200013b8                __lesf2
                0x200013b8                __ltsf2
                0x200013c0                __nesf2
                0x200013c0                __eqsf2
                0x200013c0                __cmpsf2
                0x20001424                __aeabi_cfrcmple
                0x20001434                __aeabi_cfcmpeq
                0x20001434                __aeabi_cfcmple
                0x2000144c                __aeabi_fcmpeq
                0x20001464                __aeabi_fcmplt
                0x2000147c                __aeabi_fcmple
                0x20001494                __aeabi_fcmpge
                0x200014ac                __aeabi_fcmpgt
 .text          0x200014c4       0x54 c:/isis/application/toolchain/bin/../lib/gcc/arm-none-eabi/4.7.4\libgcc.a(_arm_fixunssfsi.o)
                0x200014c4                __fixunssfsi
                0x200014c4                __aeabi_f2uiz
 .text          0x20001518       0x5c c:/isis/application/toolchain/bin/../lib/gcc/arm-none-eabi/4.7.4\libgcc.a(_arm_fixdfsi.o)
                0x20001518                __aeabi_d2iz
                0x20001518                __fixdfsi
 .text          0x20001574       0x3c c:/isis/application/toolchain/bin/../lib/gcc/arm-none-eabi/4.7.4\libgcc.a(_aeabi_uldivmod.o)
                0x20001574                __aeabi_uldivmod
 .text          0x200015b0       0x84 c:/isis/application/toolchain/bin/../lib/gcc/arm-none-eabi/4.7.4\libgcc.a(bpabi.o)
                0x200015b0                __gnu_ldivmod_helper
                0x200015f4                __gnu_uldivmod_helper
 .text          0x20001634      0x4f0 c:/isis/application/toolchain/bin/../lib/gcc/arm-none-eabi/4.7.4\libgcc.a(_divdi3.o)
                0x20001634                __divdi3
 .text          0x20001b24      0x488 c:/isis/application/toolchain/bin/../lib/gcc/arm-none-eabi/4.7.4\libgcc.a(_udivdi3.o)
                0x20001b24                __udivdi3
 .text          0x20001fac       0x48 c:/isis/application/toolchain/bin/../lib/gcc/arm-none-eabi/4.7.4\libgcc.a(_clzsi2.o)
                0x20001fac                __clzsi2
 *(.text*)
 .text.GetBatteryVoltage
                0x20001ff4       0x6c ./src/SubSystemModules/PowerManagment/EPS.o
                0x20001ff4                GetBatteryVoltage
 .text.EPS_Init
                0x20002060       0xf0 ./src/SubSystemModules/PowerManagment/EPS.o
                0x20002060                EPS_Init
 .text.EPS_Conditioning
                0x20002150      0x1c4 ./src/SubSystemModules/PowerManagment/EPS.o
                0x20002150                EPS_Conditioning
 .text.UpdateAlpha
                0x20002314       0xd8 ./src/SubSystemModules/PowerManagment/EPS.o
                0x20002314                UpdateAlpha
 .text.GetThresholdVoltages
                0x200023ec       0x80 ./src/SubSystemModules/PowerManagment/EPS.o
                0x200023ec                GetThresholdVoltages
 .text.GetAlpha
                0x2000246c       0x7c ./src/SubSystemModules/PowerManagment/EPS.o
                0x2000246c                GetAlpha
 .text.CMDGetHeaterValues
                0x200024e8      0x234 ./src/SubSystemModules/PowerManagment/EPS.o
                0x200024e8                CMDGetHeaterValues
 .text.CMDSetHeaterValues
                0x2000271c      0x200 ./src/SubSystemModules/PowerManagment/EPS.o
                0x2000271c                CMDSetHeaterValues
 .text.EnterFullMode
                0x2000291c       0x44 ./src/SubSystemModules/PowerManagment/EPSOperationModes.o
                0x2000291c                EnterFullMode
 .text.EnterCruiseMode
                0x20002960       0x44 ./src/SubSystemModules/PowerManagment/EPSOperationModes.o
                0x20002960                EnterCruiseMode
 .text.EnterSafeMode
                0x200029a4       0x44 ./src/SubSystemModules/PowerManagment/EPSOperationModes.o
                0x200029a4                EnterSafeMode
 .text.EnterCriticalMode
                0x200029e8       0x44 ./src/SubSystemModules/PowerManagment/EPSOperationModes.o
                0x200029e8                EnterCriticalMode
 .text.EpsGetLowVoltageFlag
                0x20002a2c       0x24 ./src/SubSystemModules/PowerManagment/EPSOperationModes.o
                0x20002a2c                EpsGetLowVoltageFlag
 .text.EpsSetLowVoltageFlag
                0x20002a50       0x2c ./src/SubSystemModules/PowerManagment/EPSOperationModes.o
                0x20002a50                EpsSetLowVoltageFlag
 .text.CheckExecutionTime
                0x20002a7c       0x80 ./src/SubSystemModules/Maintenance/Maintenance.o
                0x20002a7c                CheckExecutionTime
 .text.SaveSatTimeInFRAM
                0x20002afc       0x44 ./src/SubSystemModules/Maintenance/Maintenance.o
                0x20002afc                SaveSatTimeInFRAM
 .text.WakeupFromResetCMD
                0x20002b40      0x120 ./src/SubSystemModules/Maintenance/Maintenance.o
                0x20002b40                WakeupFromResetCMD
 .text.ResetGroundCommWDT
                0x20002c60       0x1c ./src/SubSystemModules/Maintenance/Maintenance.o
                0x20002c60                ResetGroundCommWDT
 .text.IsGroundCommunicationWDTKick
                0x20002c7c       0x78 ./src/SubSystemModules/Maintenance/Maintenance.o
                0x20002c7c                IsGroundCommunicationWDTKick
 .text.GetGsWdtKickTime
                0x20002cf4       0x38 ./src/SubSystemModules/Maintenance/Maintenance.o
                0x20002cf4                GetGsWdtKickTime
 .text.DeleteOldFiels
                0x20002d2c      0x344 ./src/SubSystemModules/Maintenance/Maintenance.o
                0x20002d2c                DeleteOldFiels
 .text.DeployAnt
                0x20003070       0x6c ./src/SubSystemModules/Maintenance/Maintenance.o
                0x20003070                DeployAnt
 .text.Maintenance
                0x200030dc       0x40 ./src/SubSystemModules/Maintenance/Maintenance.o
                0x200030dc                Maintenance
 .text.InitSavePeriodTimes
                0x2000311c       0xf0 ./src/SubSystemModules/Housekepping/TelemetryCollector.o
                0x2000311c                InitSavePeriodTimes
 .text.CMD_GetTLMPeriodTimes
                0x2000320c       0x38 ./src/SubSystemModules/Housekepping/TelemetryCollector.o
                0x2000320c                CMD_GetTLMPeriodTimes
 .text.CMD_SetTLMPeriodTimes
                0x20003244      0x17c ./src/SubSystemModules/Housekepping/TelemetryCollector.o
                0x20003244                CMD_SetTLMPeriodTimes
 .text.TelemetryCollectorLogic
                0x200033c0      0x208 ./src/SubSystemModules/Housekepping/TelemetryCollector.o
                0x200033c0                TelemetryCollectorLogic
 .text.TelemetrySaveEPS
                0x200035c8       0x54 ./src/SubSystemModules/Housekepping/TelemetryCollector.o
                0x200035c8                TelemetrySaveEPS
 .text.TelemetrySaveTRXVU
                0x2000361c       0x94 ./src/SubSystemModules/Housekepping/TelemetryCollector.o
                0x2000361c                TelemetrySaveTRXVU
 .text.TelemetrySaveANT
                0x200036b0       0xa4 ./src/SubSystemModules/Housekepping/TelemetryCollector.o
                0x200036b0                TelemetrySaveANT
 .text.TelemetrySaveSolarPanels
                0x20003754      0x228 ./src/SubSystemModules/Housekepping/TelemetryCollector.o
                0x20003754                TelemetrySaveSolarPanels
 .text.TelemetrySaveWOD
                0x2000397c       0x48 ./src/SubSystemModules/Housekepping/TelemetryCollector.o
                0x2000397c                TelemetrySaveWOD
 .text.GetCurrentWODTelemetry
                0x200039c4      0x60c ./src/SubSystemModules/Housekepping/TelemetryCollector.o
                0x200039c4                GetCurrentWODTelemetry
 .text.CMD_EPS_ResetWDT
                0x20003fd0       0x54 ./src/SubSystemModules/Communication/SubsystemCommands/EPS_Commands.o
                0x20003fd0                CMD_EPS_ResetWDT
 .text.CMD_DeleteTLM
                0x20004024      0x1d8 ./src/SubSystemModules/Communication/SubsystemCommands/FS_Commands.o
                0x20004024                CMD_DeleteTLM
 .text.CMD_DeleteAllFiles
                0x200041fc       0x38 ./src/SubSystemModules/Communication/SubsystemCommands/FS_Commands.o
                0x200041fc                CMD_DeleteAllFiles
 .text.CMD_GetLastFS_Error
                0x20004234       0x4c ./src/SubSystemModules/Communication/SubsystemCommands/FS_Commands.o
                0x20004234                CMD_GetLastFS_Error
 .text.CMD_GenericI2C
                0x20004280      0x144 ./src/SubSystemModules/Communication/SubsystemCommands/Maintanence_Commands.o
                0x20004280                CMD_GenericI2C
 .text.CMD_FRAM_ReadAndTransmitt
                0x200043c4      0x118 ./src/SubSystemModules/Communication/SubsystemCommands/Maintanence_Commands.o
                0x200043c4                CMD_FRAM_ReadAndTransmitt
 .text.CMD_FRAM_WriteAndTransmitt
                0x200044dc      0x110 ./src/SubSystemModules/Communication/SubsystemCommands/Maintanence_Commands.o
                0x200044dc                CMD_FRAM_WriteAndTransmitt
 .text.CMD_FRAM_ReStart
                0x200045ec       0x4c ./src/SubSystemModules/Communication/SubsystemCommands/Maintanence_Commands.o
                0x200045ec                CMD_FRAM_ReStart
 .text.CMD_UpdateSatTime
                0x20004638       0xa0 ./src/SubSystemModules/Communication/SubsystemCommands/Maintanence_Commands.o
                0x20004638                CMD_UpdateSatTime
 .text.CMD_GetSatUptime
                0x200046d8       0x48 ./src/SubSystemModules/Communication/SubsystemCommands/Maintanence_Commands.o
                0x200046d8                CMD_GetSatUptime
 .text.CMD_ResetComponent
                0x20004720      0x294 ./src/SubSystemModules/Communication/SubsystemCommands/Maintanence_Commands.o
                0x20004720                CMD_ResetComponent
 .text.DumpTask
                0x200049b4      0x2e4 ./src/SubSystemModules/Communication/SubsystemCommands/TRXVU_Commands.o
                0x200049b4                DumpTask
 .text.CMD_AntennaDeploy
                0x20004c98       0x24 ./src/SubSystemModules/Communication/SubsystemCommands/TRXVU_Commands.o
                0x20004c98                CMD_AntennaDeploy
 .text.CMD_StartDump
                0x20004cbc      0x1e0 ./src/SubSystemModules/Communication/SubsystemCommands/TRXVU_Commands.o
                0x20004cbc                CMD_StartDump
 .text.CMD_SendDumpAbortRequest
                0x20004e9c       0x38 ./src/SubSystemModules/Communication/SubsystemCommands/TRXVU_Commands.o
                0x20004e9c                CMD_SendDumpAbortRequest
 .text.CMD_ForceDumpAbort
                0x20004ed4       0x3c ./src/SubSystemModules/Communication/SubsystemCommands/TRXVU_Commands.o
                0x20004ed4                CMD_ForceDumpAbort
 .text.CMD_SetTransponder
                0x20004f10      0x120 ./src/SubSystemModules/Communication/SubsystemCommands/TRXVU_Commands.o
                0x20004f10                CMD_SetTransponder
 .text.CMD_SetRSSITransponder
                0x20005030       0x90 ./src/SubSystemModules/Communication/SubsystemCommands/TRXVU_Commands.o
                0x20005030                CMD_SetRSSITransponder
 .text.CMD_MuteTRXVU
                0x200050c0       0x7c ./src/SubSystemModules/Communication/SubsystemCommands/TRXVU_Commands.o
                0x200050c0                CMD_MuteTRXVU
 .text.CMD_SetIdleState
                0x2000513c       0xc8 ./src/SubSystemModules/Communication/SubsystemCommands/TRXVU_Commands.o
                0x2000513c                CMD_SetIdleState
 .text.CMD_UnMuteTRXVU
                0x20005204       0x38 ./src/SubSystemModules/Communication/SubsystemCommands/TRXVU_Commands.o
                0x20005204                CMD_UnMuteTRXVU
 .text.CMD_GetBaudRate
                0x2000523c       0x68 ./src/SubSystemModules/Communication/SubsystemCommands/TRXVU_Commands.o
                0x2000523c                CMD_GetBaudRate
 .text.CMD_TrasmitBeacon
                0x200052a4       0x48 ./src/SubSystemModules/Communication/SubsystemCommands/TRXVU_Commands.o
                0x200052a4                CMD_TrasmitBeacon
 .text.CMD_GetBeaconInterval
                0x200052ec       0x6c ./src/SubSystemModules/Communication/SubsystemCommands/TRXVU_Commands.o
                0x200052ec                CMD_GetBeaconInterval
 .text.CMD_SetBaudRate
                0x20005358       0x60 ./src/SubSystemModules/Communication/SubsystemCommands/TRXVU_Commands.o
                0x20005358                CMD_SetBaudRate
 .text.CMD_GetTxUptime
                0x200053b8       0x64 ./src/SubSystemModules/Communication/SubsystemCommands/TRXVU_Commands.o
                0x200053b8                CMD_GetTxUptime
 .text.CMD_GetRxUptime
                0x2000541c       0x64 ./src/SubSystemModules/Communication/SubsystemCommands/TRXVU_Commands.o
                0x2000541c                CMD_GetRxUptime
 .text.CMD_GetNumOfOnlineCommands
                0x20005480       0x64 ./src/SubSystemModules/Communication/SubsystemCommands/TRXVU_Commands.o
                0x20005480                CMD_GetNumOfOnlineCommands
 .text.CMD_AntSetArmStatus
                0x200054e4       0xa0 ./src/SubSystemModules/Communication/SubsystemCommands/TRXVU_Commands.o
                0x200054e4                CMD_AntSetArmStatus
 .text.CMD_AntGetArmStatus
                0x20005584       0x70 ./src/SubSystemModules/Communication/SubsystemCommands/TRXVU_Commands.o
                0x20005584                CMD_AntGetArmStatus
 .text.CMD_AntGetUptime
                0x200055f4       0x78 ./src/SubSystemModules/Communication/SubsystemCommands/TRXVU_Commands.o
                0x200055f4                CMD_AntGetUptime
 .text.CMD_StopReDeployment
                0x2000566c       0xac ./src/SubSystemModules/Communication/SubsystemCommands/TRXVU_Commands.o
                0x2000566c                CMD_StopReDeployment
 .text.CMD_AntCancelDeployment
                0x20005718       0x68 ./src/SubSystemModules/Communication/SubsystemCommands/TRXVU_Commands.o
                0x20005718                CMD_AntCancelDeployment
 .text.SendAckPacket
                0x20005780       0xe4 ./src/SubSystemModules/Communication/AckHandler.o
                0x20005780                SendAckPacket
 .text.trxvu_command_router
                0x20005864      0x548 ./src/SubSystemModules/Communication/CommandDictionary.o
                0x20005864                trxvu_command_router
 .text.eps_command_router
                0x20005dac       0xdc ./src/SubSystemModules/Communication/CommandDictionary.o
                0x20005dac                eps_command_router
 .text.telemetry_command_router
                0x20005e88      0x1f4 ./src/SubSystemModules/Communication/CommandDictionary.o
                0x20005e88                telemetry_command_router
 .text.managment_command_router
                0x2000607c      0x12c ./src/SubSystemModules/Communication/CommandDictionary.o
                0x2000607c                managment_command_router
 .text.filesystem_command_router
                0x200061a8       0x24 ./src/SubSystemModules/Communication/CommandDictionary.o
                0x200061a8                filesystem_command_router
 .text.ParseDataToCommand
                0x200061cc      0x1ac ./src/SubSystemModules/Communication/SatCommandHandler.o
                0x200061cc                ParseDataToCommand
 .text.AssembleCommand
                0x20006378      0x14c ./src/SubSystemModules/Communication/SatCommandHandler.o
                0x20006378                AssembleCommand
 .text.ActUponCommand
                0x200064c4       0xb4 ./src/SubSystemModules/Communication/SatCommandHandler.o
                0x200064c4                ActUponCommand
 .text.InitTxModule
                0x20006578       0x68 ./src/SubSystemModules/Communication/TRXVU.o
                0x20006578                InitTxModule
 .text.CMD_SetBeaconInterval
                0x200065e0       0xdc ./src/SubSystemModules/Communication/TRXVU.o
                0x200065e0                CMD_SetBeaconInterval
 .text.IsisTrxvu_tcSendAX25DefClSign_alt
                0x200066bc      0x100 ./src/SubSystemModules/Communication/TRXVU.o
                0x200066bc                IsisTrxvu_tcSendAX25DefClSign_alt
 .text.InitBeaconParams
                0x200067bc       0x3c ./src/SubSystemModules/Communication/TRXVU.o
                0x200067bc                InitBeaconParams
 .text.InitSemaphores
                0x200067f8       0x98 ./src/SubSystemModules/Communication/TRXVU.o
                0x200067f8                InitSemaphores
 .text.InitTrxvu
                0x20006890      0x128 ./src/SubSystemModules/Communication/TRXVU.o
                0x20006890                InitTrxvu
 .text.checkIdleFinish
                0x200069b8       0x68 ./src/SubSystemModules/Communication/TRXVU.o
                0x200069b8                checkIdleFinish
 .text.checkTransponderFinish
                0x20006a20       0x84 ./src/SubSystemModules/Communication/TRXVU.o
                0x20006a20                checkTransponderFinish
 .text.getUartCommand
                0x20006aa4      0x154 ./src/SubSystemModules/Communication/TRXVU.o
                0x20006aa4                getUartCommand
 .text.TRX_Logic
                0x20006bf8      0x11c ./src/SubSystemModules/Communication/TRXVU.o
                0x20006bf8                TRX_Logic
 .text.GetNumberOfFramesInBuffer
                0x20006d14       0x5c ./src/SubSystemModules/Communication/TRXVU.o
                0x20006d14                GetNumberOfFramesInBuffer
 .text.GetOnlineCommand
                0x20006d70      0x140 ./src/SubSystemModules/Communication/TRXVU.o
                0x20006d70                GetOnlineCommand
 .text.CheckTransmitionAllowed
                0x20006eb0       0xc4 ./src/SubSystemModules/Communication/TRXVU.o
                0x20006eb0                CheckTransmitionAllowed
 .text.FinishDump
                0x20006f74       0xf0 ./src/SubSystemModules/Communication/TRXVU.o
                0x20006f74                FinishDump
 .text.AbortDump
                0x20007064       0x34 ./src/SubSystemModules/Communication/TRXVU.o
                0x20007064                AbortDump
 .text.SendDumpAbortRequest
                0x20007098       0x6c ./src/SubSystemModules/Communication/TRXVU.o
                0x20007098                SendDumpAbortRequest
 .text.CheckDumpAbort
                0x20007104       0x6c ./src/SubSystemModules/Communication/TRXVU.o
                0x20007104                CheckDumpAbort
 .text.BeaconLogic
                0x20007170      0x1c4 ./src/SubSystemModules/Communication/TRXVU.o
                0x20007170                BeaconLogic
 .text.SetIdleState
                0x20007334       0xb8 ./src/SubSystemModules/Communication/TRXVU.o
                0x20007334                SetIdleState
 .text.muteTRXVU
                0x200073ec       0x78 ./src/SubSystemModules/Communication/TRXVU.o
                0x200073ec                muteTRXVU
 .text.UnMuteTRXVU
                0x20007464       0x24 ./src/SubSystemModules/Communication/TRXVU.o
                0x20007464                UnMuteTRXVU
 .text.TransmitDataAsSPL_Packet
                0x20007488      0x114 ./src/SubSystemModules/Communication/TRXVU.o
                0x20007488                TransmitDataAsSPL_Packet
 .text.TransmitSplPacket
                0x2000759c       0xf0 ./src/SubSystemModules/Communication/TRXVU.o
                0x2000759c                TransmitSplPacket
 .text.isFirstActivation
                0x2000768c       0x38 ./src/InitSystem.o
                0x2000768c                isFirstActivation
 .text.WriteDefaultValuesToFRAM
                0x200076c4      0x1c0 ./src/InitSystem.o
                0x200076c4                WriteDefaultValuesToFRAM
 .text.StartFRAM
                0x20007884       0x2c ./src/InitSystem.o
                0x20007884                StartFRAM
 .text.StartI2C
                0x200078b0       0x38 ./src/InitSystem.o
                0x200078b0                StartI2C
 .text.StartSPI
                0x200078e8       0x34 ./src/InitSystem.o
                0x200078e8                StartSPI
 .text.StartTIME
                0x2000791c       0xb8 ./src/InitSystem.o
                0x2000791c                StartTIME
 .text.DeploySystem
                0x200079d4      0x148 ./src/InitSystem.o
                0x200079d4                DeploySystem
 .text.InitSubsystems
                0x20007b1c       0x48 ./src/InitSystem.o
                0x20007b1c                InitSubsystems
 .text.CMD_getInfoImage
                0x20007b64      0x164 ./src/TLM_management.o
                0x20007b64                CMD_getInfoImage
 .text.CMD_getDataImage
                0x20007cc8      0x24c ./src/TLM_management.o
                0x20007cc8                CMD_getDataImage
 .text.delete_allTMFilesFromSD
                0x20007f14       0xa0 ./src/TLM_management.o
                0x20007f14                delete_allTMFilesFromSD
 .text.deleteTLMFiles
                0x20007fb4       0x94 ./src/TLM_management.o
                0x20007fb4                deleteTLMFiles
 .text.deleteTLMFile
                0x20008048       0xc0 ./src/TLM_management.o
                0x20008048                deleteTLMFile
 .text.InitializeFS
                0x20008108       0xf0 ./src/TLM_management.o
                0x20008108                InitializeFS
 .text.calculateFileName
                0x200081f8      0x108 ./src/TLM_management.o
                0x200081f8                calculateFileName
 .text.getTlmTypeInfo
                0x20008300      0x230 ./src/TLM_management.o
                0x20008300                getTlmTypeInfo
 .text.write2File
                0x20008530      0x190 ./src/TLM_management.o
                0x20008530                write2File
 .text.printTLM
                0x200086c0       0x24 ./src/TLM_management.o
                0x200086c0                printTLM
 .text.readTLMFile
                0x200086e4      0x374 ./src/TLM_management.o
                0x200086e4                readTLMFile
 .text.readTLMFiles
                0x20008a58       0xd4 ./src/TLM_management.o
                0x20008a58                readTLMFiles
 .text.readTLMFileTimeRange
                0x20008b2c      0x334 ./src/TLM_management.o
                0x20008b2c                readTLMFileTimeRange
 .text.DeInitializeFS
                0x20008e60       0x14 ./src/TLM_management.o
                0x20008e60                DeInitializeFS
 .text.taskMain
                0x20008e74       0x34 ./src/main.o
                0x20008e74                taskMain
 .text.main     0x20008ea8       0x98 ./src/main.o
                0x20008ea8                main
 .text.timeU2time
                0x20008f40       0xbc ./src/utils.o
                0x20008f40                timeU2time
 .text.logError
                0x20008ffc      0x134 ./src/utils.o
                0x20008ffc                logError
 .text.validateTransferParameters
                0x20009130      0x10c C:/ISIS/workspace_tevel/ycube/GlobusSatProject/..//hal/hal/lib\libHALD.a(I2C.o)
 .text.I2C_queueTransfer
                0x2000923c       0xfc C:/ISIS/workspace_tevel/ycube/GlobusSatProject/..//hal/hal/lib\libHALD.a(I2C.o)
                0x2000923c                I2C_queueTransfer
 .text.I2C_internalCallback
                0x20009338       0x64 C:/ISIS/workspace_tevel/ycube/GlobusSatProject/..//hal/hal/lib\libHALD.a(I2C.o)
 .text.I2C_doBlockingTransfer
                0x2000939c      0x180 C:/ISIS/workspace_tevel/ycube/GlobusSatProject/..//hal/hal/lib\libHALD.a(I2C.o)
 .text.I2C_write
                0x2000951c      0x110 C:/ISIS/workspace_tevel/ycube/GlobusSatProject/..//hal/hal/lib\libHALD.a(I2C.o)
                0x2000951c                I2C_write
 .text.I2C_read
                0x2000962c      0x110 C:/ISIS/workspace_tevel/ycube/GlobusSatProject/..//hal/hal/lib\libHALD.a(I2C.o)
                0x2000962c                I2C_read
 .text.I2C_writeRead
                0x2000973c      0x17c C:/ISIS/workspace_tevel/ycube/GlobusSatProject/..//hal/hal/lib\libHALD.a(I2C.o)
                0x2000973c                I2C_writeRead
 .text.I2C_start
                0x200098b8      0x2e8 C:/ISIS/workspace_tevel/ycube/GlobusSatProject/..//hal/hal/lib\libHALD.a(I2C.o)
                0x200098b8                I2C_start
 .text.I2C_stop
                0x20009ba0      0x184 C:/ISIS/workspace_tevel/ycube/GlobusSatProject/..//hal/hal/lib\libHALD.a(I2C.o)
                0x20009ba0                I2C_stop
 .text.I2C_setTransferTimeout
                0x20009d24       0x48 C:/ISIS/workspace_tevel/ycube/GlobusSatProject/..//hal/hal/lib\libHALD.a(I2C.o)
                0x20009d24                I2C_setTransferTimeout
 .text.clearPDCtransfers
                0x20009d6c       0xe8 C:/ISIS/workspace_tevel/ycube/GlobusSatProject/..//hal/hal/lib\libHALD.a(SPI.o)
 .text.SPI_start
                0x20009e54      0x4b0 C:/ISIS/workspace_tevel/ycube/GlobusSatProject/..//hal/hal/lib\libHALD.a(SPI.o)
                0x20009e54                SPI_start
 .text.SPI_stop
                0x2000a304      0x244 C:/ISIS/workspace_tevel/ycube/GlobusSatProject/..//hal/hal/lib\libHALD.a(SPI.o)
                0x2000a304                SPI_stop
 .text.SPI_queueTransfer
                0x2000a548      0x1cc C:/ISIS/workspace_tevel/ycube/GlobusSatProject/..//hal/hal/lib\libHALD.a(SPI.o)
                0x2000a548                SPI_queueTransfer
 .text.SPI_internalCallback
                0x2000a714       0x64 C:/ISIS/workspace_tevel/ycube/GlobusSatProject/..//hal/hal/lib\libHALD.a(SPI.o)
 .text.SPI_writeRead
                0x2000a778      0x1c0 C:/ISIS/workspace_tevel/ycube/GlobusSatProject/..//hal/hal/lib\libHALD.a(SPI.o)
                0x2000a778                SPI_writeRead
 .text.waitForTransfer
                0x2000a938       0x78 C:/ISIS/workspace_tevel/ycube/GlobusSatProject/..//hal/hal/lib\libHALD.a(SPI.o)
 .text.SPI_getDriverState
                0x2000a9b0       0x58 C:/ISIS/workspace_tevel/ycube/GlobusSatProject/..//hal/hal/lib\libHALD.a(SPI.o)
                0x2000a9b0                SPI_getDriverState
 .text.FRAM_start
                0x2000aa08      0x120 C:/ISIS/workspace_tevel/ycube/GlobusSatProject/..//hal/hal/lib\libHALD.a(FRAM.o)
                0x2000aa08                FRAM_start
 .text.FRAM_stop
                0x2000ab28       0x6c C:/ISIS/workspace_tevel/ycube/GlobusSatProject/..//hal/hal/lib\libHALD.a(FRAM.o)
                0x2000ab28                FRAM_stop
 .text.FRAM_dummyCallback
                0x2000ab94       0x24 C:/ISIS/workspace_tevel/ycube/GlobusSatProject/..//hal/hal/lib\libHALD.a(FRAM.o)
                0x2000ab94                FRAM_dummyCallback
 .text.FRAM_unlockingCallback
                0x2000abb8       0x64 C:/ISIS/workspace_tevel/ycube/GlobusSatProject/..//hal/hal/lib\libHALD.a(FRAM.o)
                0x2000abb8                FRAM_unlockingCallback
 .text.doBlockingTransfer
                0x2000ac1c       0x78 C:/ISIS/workspace_tevel/ycube/GlobusSatProject/..//hal/hal/lib\libHALD.a(FRAM.o)
 .text.FRAM_writePacket
                0x2000ac94      0x144 C:/ISIS/workspace_tevel/ycube/GlobusSatProject/..//hal/hal/lib\libHALD.a(FRAM.o)
 .text.FRAM_write
                0x2000add8      0x1d8 C:/ISIS/workspace_tevel/ycube/GlobusSatProject/..//hal/hal/lib\libHALD.a(FRAM.o)
                0x2000add8                FRAM_write
 .text.FRAM_readPacket
                0x2000afb0       0xf0 C:/ISIS/workspace_tevel/ycube/GlobusSatProject/..//hal/hal/lib\libHALD.a(FRAM.o)
 .text.FRAM_read
                0x2000b0a0      0x1e4 C:/ISIS/workspace_tevel/ycube/GlobusSatProject/..//hal/hal/lib\libHALD.a(FRAM.o)
                0x2000b0a0                FRAM_read
 .text.Time_start
                0x2000b284      0x150 C:/ISIS/workspace_tevel/ycube/GlobusSatProject/..//hal/hal/lib\libHALD.a(Time.o)
                0x2000b284                Time_start
 .text.taskTimeSync
                0x2000b3d4       0x38 C:/ISIS/workspace_tevel/ycube/GlobusSatProject/..//hal/hal/lib\libHALD.a(Time.o)
 .text.Time_convertEpochToTime
                0x2000b40c       0xf4 C:/ISIS/workspace_tevel/ycube/GlobusSatProject/..//hal/hal/lib\libHALD.a(Time.o)
                0x2000b40c                Time_convertEpochToTime
 .text.Time_populateSecondsOfYear
                0x2000b500      0x188 C:/ISIS/workspace_tevel/ycube/GlobusSatProject/..//hal/hal/lib\libHALD.a(Time.o)
 .text.Time_set
                0x2000b688      0x110 C:/ISIS/workspace_tevel/ycube/GlobusSatProject/..//hal/hal/lib\libHALD.a(Time.o)
                0x2000b688                Time_set
 .text.Time_isLeapYear
                0x2000b798       0x98 C:/ISIS/workspace_tevel/ycube/GlobusSatProject/..//hal/hal/lib\libHALD.a(Time.o)
                0x2000b798                Time_isLeapYear
 .text.Time_get
                0x2000b830      0x410 C:/ISIS/workspace_tevel/ycube/GlobusSatProject/..//hal/hal/lib\libHALD.a(Time.o)
                0x2000b830                Time_get
 .text.Time_getUnixEpoch
                0x2000bc40       0xf4 C:/ISIS/workspace_tevel/ycube/GlobusSatProject/..//hal/hal/lib\libHALD.a(Time.o)
                0x2000bc40                Time_getUnixEpoch
 .text.Time_secondsOfYearToTime
                0x2000bd34      0x328 C:/ISIS/workspace_tevel/ycube/GlobusSatProject/..//hal/hal/lib\libHALD.a(Time.o)
 .text.Time_setUnixEpoch
                0x2000c05c       0x54 C:/ISIS/workspace_tevel/ycube/GlobusSatProject/..//hal/hal/lib\libHALD.a(Time.o)
                0x2000c05c                Time_setUnixEpoch
 .text.Time_getUptimeSeconds
                0x2000c0b0       0x28 C:/ISIS/workspace_tevel/ycube/GlobusSatProject/..//hal/hal/lib\libHALD.a(Time.o)
                0x2000c0b0                Time_getUptimeSeconds
 .text.Time_sync
                0x2000c0d8      0x2d8 C:/ISIS/workspace_tevel/ycube/GlobusSatProject/..//hal/hal/lib\libHALD.a(Time.o)
                0x2000c0d8                Time_sync
 .text.Time_syncIfNeeded
                0x2000c3b0       0x90 C:/ISIS/workspace_tevel/ycube/GlobusSatProject/..//hal/hal/lib\libHALD.a(Time.o)
                0x2000c3b0                Time_syncIfNeeded
 .text.Time_setSyncInterval
                0x2000c440       0x38 C:/ISIS/workspace_tevel/ycube/GlobusSatProject/..//hal/hal/lib\libHALD.a(Time.o)
                0x2000c440                Time_setSyncInterval
 .text.WDT_start
                0x2000c478       0x48 C:/ISIS/workspace_tevel/ycube/GlobusSatProject/..//hal/hal/lib\libHALD.a(WatchDogTimerNoOS.o)
                0x2000c478                WDT_start
 .text.WDT_startWatchdogKickTask
                0x2000c4c0       0xb4 C:/ISIS/workspace_tevel/ycube/GlobusSatProject/..//hal/hal/lib\libHALD.a(WatchDogTimerOS.o)
                0x2000c4c0                WDT_startWatchdogKickTask
 .text.WDT_forceKickEveryNms
                0x2000c574       0x50 C:/ISIS/workspace_tevel/ycube/GlobusSatProject/..//hal/hal/lib\libHALD.a(WatchDogTimerOS.o)
                0x2000c574                WDT_forceKickEveryNms
 .text.f_puts   0x2000c5c4       0x80 C:/ISIS/workspace_tevel/ycube/GlobusSatProject/..//hal/hal/lib\libHALD.a(fprintf.o)
                0x2000c5c4                f_puts
 .text.LED_glow
                0x2000c644       0x58 C:/ISIS/workspace_tevel/ycube/GlobusSatProject/..//hal/hal/lib\libHALD.a(LED.o)
                0x2000c644                LED_glow
 .text.LED_dark
                0x2000c69c       0x58 C:/ISIS/workspace_tevel/ycube/GlobusSatProject/..//hal/hal/lib\libHALD.a(LED.o)
                0x2000c69c                LED_dark
 .text.LED_toggle
                0x2000c6f4       0x50 C:/ISIS/workspace_tevel/ycube/GlobusSatProject/..//hal/hal/lib\libHALD.a(LED.o)
                0x2000c6f4                LED_toggle
 .text.RTC_start
                0x2000c744       0x3c C:/ISIS/workspace_tevel/ycube/GlobusSatProject/..//hal/hal/lib\libHALD.a(RTC.o)
                0x2000c744                RTC_start
 .text.RTC_setTime
                0x2000c780      0x2a4 C:/ISIS/workspace_tevel/ycube/GlobusSatProject/..//hal/hal/lib\libHALD.a(RTC.o)
                0x2000c780                RTC_setTime
 .text.RTC_getTime
                0x2000ca24      0x224 C:/ISIS/workspace_tevel/ycube/GlobusSatProject/..//hal/hal/lib\libHALD.a(RTC.o)
                0x2000ca24                RTC_getTime
 .text.RTC_checkTimeValid
                0x2000cc48       0xdc C:/ISIS/workspace_tevel/ycube/GlobusSatProject/..//hal/hal/lib\libHALD.a(RTC.o)
                0x2000cc48                RTC_checkTimeValid
 .text.RTT_start
                0x2000cd24       0x24 C:/ISIS/workspace_tevel/ycube/GlobusSatProject/..//hal/hal/lib\libHALD.a(RTT.o)
                0x2000cd24                RTT_start
 .text.fn_init  0x2000cd48      0x2dc C:/ISIS/workspace_tevel/ycube/GlobusSatProject/..//hal/hcc/lib\libHCCD.a(fat_common.o)
                0x2000cd48                fn_init
 .text._f_get16bitl
                0x2000d024       0x4c C:/ISIS/workspace_tevel/ycube/GlobusSatProject/..//hal/hcc/lib\libHCCD.a(fat_common.o)
                0x2000d024                _f_get16bitl
 .text._f_set16bitl
                0x2000d070       0x54 C:/ISIS/workspace_tevel/ycube/GlobusSatProject/..//hal/hcc/lib\libHCCD.a(fat_common.o)
                0x2000d070                _f_set16bitl
 .text._f_get32bitl
                0x2000d0c4       0x68 C:/ISIS/workspace_tevel/ycube/GlobusSatProject/..//hal/hcc/lib\libHCCD.a(fat_common.o)
                0x2000d0c4                _f_get32bitl
 .text._f_set32bitl
                0x2000d12c       0x78 C:/ISIS/workspace_tevel/ycube/GlobusSatProject/..//hal/hcc/lib\libHCCD.a(fat_common.o)
                0x2000d12c                _f_set32bitl
 .text._get8bit
                0x2000d1a4       0xa0 C:/ISIS/workspace_tevel/ycube/GlobusSatProject/..//hal/hcc/lib\libHCCD.a(fat_common.o)
 .text._get16bitl
                0x2000d244       0x40 C:/ISIS/workspace_tevel/ycube/GlobusSatProject/..//hal/hcc/lib\libHCCD.a(fat_common.o)
 .text._get32bitl
                0x2000d284       0x3c C:/ISIS/workspace_tevel/ycube/GlobusSatProject/..//hal/hcc/lib\libHCCD.a(fat_common.o)
 .text._f_setcardremoved
                0x2000d2c0       0x94 C:/ISIS/workspace_tevel/ycube/GlobusSatProject/..//hal/hcc/lib\libHCCD.a(fat_common.o)
 .text._f_checkstatus
                0x2000d354      0x104 C:/ISIS/workspace_tevel/ycube/GlobusSatProject/..//hal/hcc/lib\libHCCD.a(fat_common.o)
                0x2000d354                _f_checkstatus
 .text._f_drvgetphy
                0x2000d458      0x114 C:/ISIS/workspace_tevel/ycube/GlobusSatProject/..//hal/hcc/lib\libHCCD.a(fat_common.o)
 .text._f_drvwritesector
                0x2000d56c       0xdc C:/ISIS/workspace_tevel/ycube/GlobusSatProject/..//hal/hcc/lib\libHCCD.a(fat_common.o)
 .text._f_drvreadsector
                0x2000d648       0xa8 C:/ISIS/workspace_tevel/ycube/GlobusSatProject/..//hal/hcc/lib\libHCCD.a(fat_common.o)
 .text._f_writesector
                0x2000d6f0      0x23c C:/ISIS/workspace_tevel/ycube/GlobusSatProject/..//hal/hcc/lib\libHCCD.a(fat_common.o)
                0x2000d6f0                _f_writesector
 .text._f_readsector
                0x2000d92c      0x1dc C:/ISIS/workspace_tevel/ycube/GlobusSatProject/..//hal/hcc/lib\libHCCD.a(fat_common.o)
                0x2000d92c                _f_readsector
 .text._f_getmaxcluster
                0x2000db08       0x94 C:/ISIS/workspace_tevel/ycube/GlobusSatProject/..//hal/hcc/lib\libHCCD.a(fat_common.o)
                0x2000db08                _f_getmaxcluster
 .text._getsectorfromcluster
                0x2000db9c       0x68 C:/ISIS/workspace_tevel/ycube/GlobusSatProject/..//hal/hcc/lib\libHCCD.a(fat_common.o)
 .text._f_buildsectors
                0x2000dc04      0x268 C:/ISIS/workspace_tevel/ycube/GlobusSatProject/..//hal/hcc/lib\libHCCD.a(fat_common.o)
 .text._f_getbootrecord
                0x2000de6c      0x5e4 C:/ISIS/workspace_tevel/ycube/GlobusSatProject/..//hal/hcc/lib\libHCCD.a(fat_common.o)
 .text._f_readbootrecord
                0x2000e450      0x4f8 C:/ISIS/workspace_tevel/ycube/GlobusSatProject/..//hal/hcc/lib\libHCCD.a(fat_common.o)
 .text._f_flushcffiles
                0x2000e948      0x17c C:/ISIS/workspace_tevel/ycube/GlobusSatProject/..//hal/hcc/lib\libHCCD.a(fat_common.o)
                0x2000e948                _f_flushcffiles
 .text._f_fatcache_flush
                0x2000eac4      0x270 C:/ISIS/workspace_tevel/ycube/GlobusSatProject/..//hal/hcc/lib\libHCCD.a(fat_common.o)
                0x2000eac4                _f_fatcache_flush
 .text._f_writefatsector
                0x2000ed34      0x100 C:/ISIS/workspace_tevel/ycube/GlobusSatProject/..//hal/hcc/lib\libHCCD.a(fat_common.o)
                0x2000ed34                _f_writefatsector
 .text._f_getfatsector
                0x2000ee34      0x3bc C:/ISIS/workspace_tevel/ycube/GlobusSatProject/..//hal/hcc/lib\libHCCD.a(fat_common.o)
 .text._f_setclustervalue
                0x2000f1f0      0x490 C:/ISIS/workspace_tevel/ycube/GlobusSatProject/..//hal/hcc/lib\libHCCD.a(fat_common.o)
                0x2000f1f0                _f_setclustervalue
 .text._f_getclustervalue
                0x2000f680      0x388 C:/ISIS/workspace_tevel/ycube/GlobusSatProject/..//hal/hcc/lib\libHCCD.a(fat_common.o)
                0x2000f680                _f_getclustervalue
 .text._f_close_drive_files
                0x2000fa08       0xac C:/ISIS/workspace_tevel/ycube/GlobusSatProject/..//hal/hcc/lib\libHCCD.a(fat_common.o)
 .text._f_inc_mount_count
                0x2000fab4       0xa4 C:/ISIS/workspace_tevel/ycube/GlobusSatProject/..//hal/hcc/lib\libHCCD.a(fat_common.o)
 .text._f_getvolume
                0x2000fb58      0x2f8 C:/ISIS/workspace_tevel/ycube/GlobusSatProject/..//hal/hcc/lib\libHCCD.a(fat_common.o)
                0x2000fb58                _f_getvolume
 .text.fn_createdriver
                0x2000fe50      0x118 C:/ISIS/workspace_tevel/ycube/GlobusSatProject/..//hal/hcc/lib\libHCCD.a(fat_common.o)
                0x2000fe50                fn_createdriver
 .text.fn_initvolume
                0x2000ff68      0x12c C:/ISIS/workspace_tevel/ycube/GlobusSatProject/..//hal/hcc/lib\libHCCD.a(fat_common.o)
                0x2000ff68                fn_initvolume
 .text.fn_initvolumepartition_sub
                0x20010094       0xe0 C:/ISIS/workspace_tevel/ycube/GlobusSatProject/..//hal/hcc/lib\libHCCD.a(fat_common.o)
 .text.fn_initvolumepartition
                0x20010174       0xac C:/ISIS/workspace_tevel/ycube/GlobusSatProject/..//hal/hcc/lib\libHCCD.a(fat_common.o)
                0x20010174                fn_initvolumepartition
 .text._f_clustertopos
                0x20010220       0xf8 C:/ISIS/workspace_tevel/ycube/GlobusSatProject/..//hal/hcc/lib\libHCCD.a(fat_common.o)
                0x20010220                _f_clustertopos
 .text._f_getcurrsector
                0x20010318      0x6c8 C:/ISIS/workspace_tevel/ycube/GlobusSatProject/..//hal/hcc/lib\libHCCD.a(fat_common.o)
                0x20010318                _f_getcurrsector
 .text._f_getdecluster
                0x200109e0       0x90 C:/ISIS/workspace_tevel/ycube/GlobusSatProject/..//hal/hcc/lib\libHCCD.a(fat_common.o)
                0x200109e0                _f_getdecluster
 .text._f_setdecluster
                0x20010a70       0x8c C:/ISIS/workspace_tevel/ycube/GlobusSatProject/..//hal/hcc/lib\libHCCD.a(fat_common.o)
                0x20010a70                _f_setdecluster
 .text.fn_getdrive
                0x20010afc       0x30 C:/ISIS/workspace_tevel/ycube/GlobusSatProject/..//hal/hcc/lib\libHCCD.a(fat_common.o)
                0x20010afc                fn_getdrive
 .text._f_getcurrenttimedate
                0x20010b2c      0x138 C:/ISIS/workspace_tevel/ycube/GlobusSatProject/..//hal/hcc/lib\libHCCD.a(fat_common.o)
                0x20010b2c                _f_getcurrenttimedate
 .text._f_initentry
                0x20010c64       0xa0 C:/ISIS/workspace_tevel/ycube/GlobusSatProject/..//hal/hcc/lib\libHCCD.a(fat_common.o)
                0x20010c64                _f_initentry
 .text._f_alloccluster
                0x20010d04      0x344 C:/ISIS/workspace_tevel/ycube/GlobusSatProject/..//hal/hcc/lib\libHCCD.a(fat_common.o)
                0x20010d04                _f_alloccluster
 .text._f_dobadblock
                0x20011048      0x2cc C:/ISIS/workspace_tevel/ycube/GlobusSatProject/..//hal/hcc/lib\libHCCD.a(fat_common.o)
                0x20011048                _f_dobadblock
 .text._f_checklocked
                0x20011314       0xe4 C:/ISIS/workspace_tevel/ycube/GlobusSatProject/..//hal/hcc/lib\libHCCD.a(fat_common.o)
                0x20011314                _f_checklocked
 .text._f_checkappendlocked
                0x200113f8      0x110 C:/ISIS/workspace_tevel/ycube/GlobusSatProject/..//hal/hcc/lib\libHCCD.a(fat_common.o)
                0x200113f8                _f_checkappendlocked
 .text._f_setsyncafile
                0x20011508      0x114 C:/ISIS/workspace_tevel/ycube/GlobusSatProject/..//hal/hcc/lib\libHCCD.a(fat_common.o)
                0x20011508                _f_setsyncafile
 .text._f_syncfiles
                0x2001161c      0x128 C:/ISIS/workspace_tevel/ycube/GlobusSatProject/..//hal/hcc/lib\libHCCD.a(fat_common.o)
                0x2001161c                _f_syncfiles
 .text._f_syncfilescontent
                0x20011744      0x15c C:/ISIS/workspace_tevel/ycube/GlobusSatProject/..//hal/hcc/lib\libHCCD.a(fat_common.o)
 .text.fn_getfreespace
                0x200118a0      0x4c0 C:/ISIS/workspace_tevel/ycube/GlobusSatProject/..//hal/hcc/lib\libHCCD.a(fat_common.o)
                0x200118a0                fn_getfreespace
 .text._f_emptywritecache
                0x20011d60      0x4a4 C:/ISIS/workspace_tevel/ycube/GlobusSatProject/..//hal/hcc/lib\libHCCD.a(fat_common.o)
 .text._f_allocnextcluster
                0x20012204      0x54c C:/ISIS/workspace_tevel/ycube/GlobusSatProject/..//hal/hcc/lib\libHCCD.a(fat_common.o)
 .text._f_emptywritebuffer
                0x20012750      0x20c C:/ISIS/workspace_tevel/ycube/GlobusSatProject/..//hal/hcc/lib\libHCCD.a(fat_common.o)
 .text._f_writezeros
                0x2001295c       0xf0 C:/ISIS/workspace_tevel/ycube/GlobusSatProject/..//hal/hcc/lib\libHCCD.a(fat_common.o)
                0x2001295c                _f_writezeros
 .text._f_extend_file
                0x20012a4c      0x570 C:/ISIS/workspace_tevel/ycube/GlobusSatProject/..//hal/hcc/lib\libHCCD.a(fat_common.o)
 .text._f_fseek
                0x20012fbc      0x9bc C:/ISIS/workspace_tevel/ycube/GlobusSatProject/..//hal/hcc/lib\libHCCD.a(fat_common.o)
                0x20012fbc                _f_fseek
 .text._f_removechain
                0x20013978      0x104 C:/ISIS/workspace_tevel/ycube/GlobusSatProject/..//hal/hcc/lib\libHCCD.a(fat_common.o)
                0x20013978                _f_removechain
 .text._f_updatefileentry
                0x20013a7c      0x1cc C:/ISIS/workspace_tevel/ycube/GlobusSatProject/..//hal/hcc/lib\libHCCD.a(fat_common.o)
 .text._f_checkreadlocked
                0x20013c48      0x1bc C:/ISIS/workspace_tevel/ycube/GlobusSatProject/..//hal/hcc/lib\libHCCD.a(fat_common.o)
                0x20013c48                _f_checkreadlocked
 .text._f_check_handle
                0x20013e04       0x98 C:/ISIS/workspace_tevel/ycube/GlobusSatProject/..//hal/hcc/lib\libHCCD.a(fat_common.o)
                0x20013e04                _f_check_handle
 .text._f_removesyncafile
                0x20013e9c      0x1ec C:/ISIS/workspace_tevel/ycube/GlobusSatProject/..//hal/hcc/lib\libHCCD.a(fat_common.o)
 .text.fn_close
                0x20014088      0x3f8 C:/ISIS/workspace_tevel/ycube/GlobusSatProject/..//hal/hcc/lib\libHCCD.a(fat_common.o)
                0x20014088                fn_close
 .text.fn_flush
                0x20014480      0x374 C:/ISIS/workspace_tevel/ycube/GlobusSatProject/..//hal/hcc/lib\libHCCD.a(fat_common.o)
                0x20014480                fn_flush
 .text.fn_read  0x200147f4      0x690 C:/ISIS/workspace_tevel/ycube/GlobusSatProject/..//hal/hcc/lib\libHCCD.a(fat_common.o)
                0x200147f4                fn_read
 .text._f_abortwrite
                0x20014e84      0x100 C:/ISIS/workspace_tevel/ycube/GlobusSatProject/..//hal/hcc/lib\libHCCD.a(fat_common.o)
 .text._f_checkwritecluster
                0x20014f84       0xe4 C:/ISIS/workspace_tevel/ycube/GlobusSatProject/..//hal/hcc/lib\libHCCD.a(fat_common.o)
 .text.fn_write
                0x20015068      0x8a8 C:/ISIS/workspace_tevel/ycube/GlobusSatProject/..//hal/hcc/lib\libHCCD.a(fat_common.o)
                0x20015068                fn_write
 .text.fn_seek  0x20015910      0x270 C:/ISIS/workspace_tevel/ycube/GlobusSatProject/..//hal/hcc/lib\libHCCD.a(fat_common.o)
                0x20015910                fn_seek
 .text.fn_tell  0x20015b80      0x19c C:/ISIS/workspace_tevel/ycube/GlobusSatProject/..//hal/hcc/lib\libHCCD.a(fat_common.o)
                0x20015b80                fn_tell
 .text.fn_rewind
                0x20015d1c       0x38 C:/ISIS/workspace_tevel/ycube/GlobusSatProject/..//hal/hcc/lib\libHCCD.a(fat_common.o)
                0x20015d1c                fn_rewind
 .text.fn_putc  0x20015d54       0x68 C:/ISIS/workspace_tevel/ycube/GlobusSatProject/..//hal/hcc/lib\libHCCD.a(fat_common.o)
                0x20015d54                fn_putc
 .text.f_enterFS
                0x20015dbc      0x1c0 C:/ISIS/workspace_tevel/ycube/GlobusSatProject/..//hal/hcc/lib\libHCCD.a(fat_common.o)
                0x20015dbc                f_enterFS
 .text.f_releaseFS
                0x20015f7c       0xb0 C:/ISIS/workspace_tevel/ycube/GlobusSatProject/..//hal/hcc/lib\libHCCD.a(fat_common.o)
                0x20015f7c                f_releaseFS
 .text.fnGetTask
                0x2001602c       0xfc C:/ISIS/workspace_tevel/ycube/GlobusSatProject/..//hal/hcc/lib\libHCCD.a(fat_common.o)
                0x2001602c                fnGetTask
 .text._f_mutex_get
                0x20016128       0x98 C:/ISIS/workspace_tevel/ycube/GlobusSatProject/..//hal/hcc/lib\libHCCD.a(fat_common.o)
                0x20016128                _f_mutex_get
 .text._f_mutex_put
                0x200161c0       0x54 C:/ISIS/workspace_tevel/ycube/GlobusSatProject/..//hal/hcc/lib\libHCCD.a(fat_common.o)
                0x200161c0                _f_mutex_put
 .text._fn_initseekdivisor
                0x20016214      0x158 C:/ISIS/workspace_tevel/ycube/GlobusSatProject/..//hal/hcc/lib\libHCCD.a(fat_common.o)
                0x20016214                _fn_initseekdivisor
 .text._fn_updateseekpos
                0x2001636c       0xc4 C:/ISIS/workspace_tevel/ycube/GlobusSatProject/..//hal/hcc/lib\libHCCD.a(fat_common.o)
 .text._f_findopensize
                0x20016430       0x2c C:/ISIS/workspace_tevel/ycube/GlobusSatProject/..//hal/hcc/lib\libHCCD.a(fat_common.o)
                0x20016430                _f_findopensize
 .text.fn_setlasterror
                0x2001645c       0x34 C:/ISIS/workspace_tevel/ycube/GlobusSatProject/..//hal/hcc/lib\libHCCD.a(fat_common.o)
                0x2001645c                fn_setlasterror
 .text.fn_setlasterror_noret
                0x20016490       0x2c C:/ISIS/workspace_tevel/ycube/GlobusSatProject/..//hal/hcc/lib\libHCCD.a(fat_common.o)
                0x20016490                fn_setlasterror_noret
 .text.fm_initvolume
                0x200164bc       0x70 C:/ISIS/workspace_tevel/ycube/GlobusSatProject/..//hal/hcc/lib\libHCCD.a(fat_m.o)
                0x200164bc                fm_initvolume
 .text.fm_getdrive
                0x2001652c       0x70 C:/ISIS/workspace_tevel/ycube/GlobusSatProject/..//hal/hcc/lib\libHCCD.a(fat_m.o)
                0x2001652c                fm_getdrive
 .text.fm_getfreespace
                0x2001659c       0x68 C:/ISIS/workspace_tevel/ycube/GlobusSatProject/..//hal/hcc/lib\libHCCD.a(fat_m.o)
                0x2001659c                fm_getfreespace
 .text.fm_findfirst
                0x20016604       0x68 C:/ISIS/workspace_tevel/ycube/GlobusSatProject/..//hal/hcc/lib\libHCCD.a(fat_m.o)
                0x20016604                fm_findfirst
 .text.fm_findnext
                0x2001666c       0x60 C:/ISIS/workspace_tevel/ycube/GlobusSatProject/..//hal/hcc/lib\libHCCD.a(fat_m.o)
                0x2001666c                fm_findnext
 .text.fm_close
                0x200166cc       0x60 C:/ISIS/workspace_tevel/ycube/GlobusSatProject/..//hal/hcc/lib\libHCCD.a(fat_m.o)
                0x200166cc                fm_close
 .text.fm_flush
                0x2001672c       0x60 C:/ISIS/workspace_tevel/ycube/GlobusSatProject/..//hal/hcc/lib\libHCCD.a(fat_m.o)
                0x2001672c                fm_flush
 .text.fm_open  0x2001678c       0x68 C:/ISIS/workspace_tevel/ycube/GlobusSatProject/..//hal/hcc/lib\libHCCD.a(fat_m.o)
                0x2001678c                fm_open
 .text.fm_read  0x200167f4       0x7c C:/ISIS/workspace_tevel/ycube/GlobusSatProject/..//hal/hcc/lib\libHCCD.a(fat_m.o)
                0x200167f4                fm_read
 .text.fm_write
                0x20016870       0x7c C:/ISIS/workspace_tevel/ycube/GlobusSatProject/..//hal/hcc/lib\libHCCD.a(fat_m.o)
                0x20016870                fm_write
 .text.fm_seek  0x200168ec       0x70 C:/ISIS/workspace_tevel/ycube/GlobusSatProject/..//hal/hcc/lib\libHCCD.a(fat_m.o)
                0x200168ec                fm_seek
 .text.fm_tell  0x2001695c       0x60 C:/ISIS/workspace_tevel/ycube/GlobusSatProject/..//hal/hcc/lib\libHCCD.a(fat_m.o)
                0x2001695c                fm_tell
 .text.fm_putc  0x200169bc       0x68 C:/ISIS/workspace_tevel/ycube/GlobusSatProject/..//hal/hcc/lib\libHCCD.a(fat_m.o)
                0x200169bc                fm_putc
 .text.fm_rewind
                0x20016a24       0x60 C:/ISIS/workspace_tevel/ycube/GlobusSatProject/..//hal/hcc/lib\libHCCD.a(fat_m.o)
                0x20016a24                fm_rewind
 .text.fm_delete
                0x20016a84       0x64 C:/ISIS/workspace_tevel/ycube/GlobusSatProject/..//hal/hcc/lib\libHCCD.a(fat_m.o)
                0x20016a84                fm_delete
 .text.fm_getlasterror
                0x20016ae8       0x40 C:/ISIS/workspace_tevel/ycube/GlobusSatProject/..//hal/hcc/lib\libHCCD.a(fat_m.o)
                0x20016ae8                fm_getlasterror
 .text._s_checkzeroclusteratend
                0x20016b28       0xf8 C:/ISIS/workspace_tevel/ycube/GlobusSatProject/..//hal/hcc/lib\libHCCD.a(safefat.o)
 .text._s_clearclustercontent
                0x20016c20      0x108 C:/ISIS/workspace_tevel/ycube/GlobusSatProject/..//hal/hcc/lib\libHCCD.a(safefat.o)
 .text._s_clearclustercontentdir
                0x20016d28      0x19c C:/ISIS/workspace_tevel/ycube/GlobusSatProject/..//hal/hcc/lib\libHCCD.a(safefat.o)
 .text._s_writedirsector
                0x20016ec4       0xd0 C:/ISIS/workspace_tevel/ycube/GlobusSatProject/..//hal/hcc/lib\libHCCD.a(safefat.o)
 .text._s_getdirsector
                0x20016f94      0x100 C:/ISIS/workspace_tevel/ycube/GlobusSatProject/..//hal/hcc/lib\libHCCD.a(safefat.o)
 .text._s_addentry
                0x20017094      0x394 C:/ISIS/workspace_tevel/ycube/GlobusSatProject/..//hal/hcc/lib\libHCCD.a(safefat.o)
 .text._s_findfile
                0x20017428      0x33c C:/ISIS/workspace_tevel/ycube/GlobusSatProject/..//hal/hcc/lib\libHCCD.a(safefat.o)
 .text._s_findsubdir
                0x20017764      0x248 C:/ISIS/workspace_tevel/ycube/GlobusSatProject/..//hal/hcc/lib\libHCCD.a(safefat.o)
 .text._s_createfile
                0x200179ac      0x190 C:/ISIS/workspace_tevel/ycube/GlobusSatProject/..//hal/hcc/lib\libHCCD.a(safefat.o)
 .text._s_findsaffile
                0x20017b3c      0x1b8 C:/ISIS/workspace_tevel/ycube/GlobusSatProject/..//hal/hcc/lib\libHCCD.a(safefat.o)
 .text._s_open  0x20017cf4       0xe4 C:/ISIS/workspace_tevel/ycube/GlobusSatProject/..//hal/hcc/lib\libHCCD.a(safefat.o)
 .text._s_open_saf
                0x20017dd8       0xe8 C:/ISIS/workspace_tevel/ycube/GlobusSatProject/..//hal/hcc/lib\libHCCD.a(safefat.o)
 .text._s_flush
                0x20017ec0       0x84 C:/ISIS/workspace_tevel/ycube/GlobusSatProject/..//hal/hcc/lib\libHCCD.a(safefat.o)
 .text._s_allocnextcluster
                0x20017f44      0x13c C:/ISIS/workspace_tevel/ycube/GlobusSatProject/..//hal/hcc/lib\libHCCD.a(safefat.o)
 .text._s_getnextsector
                0x20018080       0xdc C:/ISIS/workspace_tevel/ycube/GlobusSatProject/..//hal/hcc/lib\libHCCD.a(safefat.o)
 .text._s_seek  0x2001815c      0x1e8 C:/ISIS/workspace_tevel/ycube/GlobusSatProject/..//hal/hcc/lib\libHCCD.a(safefat.o)
 .text._s_read  0x20018344      0x228 C:/ISIS/workspace_tevel/ycube/GlobusSatProject/..//hal/hcc/lib\libHCCD.a(safefat.o)
 .text._s_write
                0x2001856c      0x384 C:/ISIS/workspace_tevel/ycube/GlobusSatProject/..//hal/hcc/lib\libHCCD.a(safefat.o)
 .text._s_restoreclusters
                0x200188f0      0x270 C:/ISIS/workspace_tevel/ycube/GlobusSatProject/..//hal/hcc/lib\libHCCD.a(safefat.o)
                0x200188f0                _s_restoreclusters
 .text._s_findrestore
                0x20018b60      0x18c C:/ISIS/workspace_tevel/ycube/GlobusSatProject/..//hal/hcc/lib\libHCCD.a(safefat.o)
 .text._s_cmd_writede
                0x20018cec       0xd8 C:/ISIS/workspace_tevel/ycube/GlobusSatProject/..//hal/hcc/lib\libHCCD.a(safefat.o)
 .text._s_cmd_setcluster
                0x20018dc4       0x88 C:/ISIS/workspace_tevel/ycube/GlobusSatProject/..//hal/hcc/lib\libHCCD.a(safefat.o)
 .text._s_cmd_deletechain
                0x20018e4c      0x100 C:/ISIS/workspace_tevel/ycube/GlobusSatProject/..//hal/hcc/lib\libHCCD.a(safefat.o)
 .text._s_cmd_validatecfn
                0x20018f4c      0x308 C:/ISIS/workspace_tevel/ycube/GlobusSatProject/..//hal/hcc/lib\libHCCD.a(safefat.o)
 .text._s_cmd_seteof
                0x20019254      0x3c4 C:/ISIS/workspace_tevel/ycube/GlobusSatProject/..//hal/hcc/lib\libHCCD.a(safefat.o)
 .text.safe_docommands
                0x20019618      0x56c C:/ISIS/workspace_tevel/ycube/GlobusSatProject/..//hal/hcc/lib\libHCCD.a(safefat.o)
                0x20019618                safe_docommands
 .text.safe_entercommand
                0x20019b84       0x68 C:/ISIS/workspace_tevel/ycube/GlobusSatProject/..//hal/hcc/lib\libHCCD.a(safefat.o)
                0x20019b84                safe_entercommand
 .text.safe_ready
                0x20019bec       0xf4 C:/ISIS/workspace_tevel/ycube/GlobusSatProject/..//hal/hcc/lib\libHCCD.a(safefat.o)
                0x20019bec                safe_ready
 .text.safe_copycfn
                0x20019ce0       0xb8 C:/ISIS/workspace_tevel/ycube/GlobusSatProject/..//hal/hcc/lib\libHCCD.a(safefat.o)
                0x20019ce0                safe_copycfn
 .text.safe_cfremove
                0x20019d98       0xb8 C:/ISIS/workspace_tevel/ycube/GlobusSatProject/..//hal/hcc/lib\libHCCD.a(safefat.o)
                0x20019d98                safe_cfremove
 .text.safe_writede
                0x20019e50      0x104 C:/ISIS/workspace_tevel/ycube/GlobusSatProject/..//hal/hcc/lib\libHCCD.a(safefat.o)
                0x20019e50                safe_writede
 .text.safe_setcluster
                0x20019f54       0xcc C:/ISIS/workspace_tevel/ycube/GlobusSatProject/..//hal/hcc/lib\libHCCD.a(safefat.o)
                0x20019f54                safe_setcluster
 .text.safe_deletechain
                0x2001a020      0x1c8 C:/ISIS/workspace_tevel/ycube/GlobusSatProject/..//hal/hcc/lib\libHCCD.a(safefat.o)
                0x2001a020                safe_deletechain
 .text.safe_cfclose
                0x2001a1e8      0x104 C:/ISIS/workspace_tevel/ycube/GlobusSatProject/..//hal/hcc/lib\libHCCD.a(safefat.o)
                0x2001a1e8                safe_cfclose
 .text.safe_cfflush
                0x2001a2ec      0x124 C:/ISIS/workspace_tevel/ycube/GlobusSatProject/..//hal/hcc/lib\libHCCD.a(safefat.o)
                0x2001a2ec                safe_cfflush
 .text.safe_reset
                0x2001a410       0x78 C:/ISIS/workspace_tevel/ycube/GlobusSatProject/..//hal/hcc/lib\libHCCD.a(safefat.o)
                0x2001a410                safe_reset
 .text.safe_loadcommands
                0x2001a488       0x78 C:/ISIS/workspace_tevel/ycube/GlobusSatProject/..//hal/hcc/lib\libHCCD.a(safefat.o)
                0x2001a488                safe_loadcommands
 .text.safe_poweron
                0x2001a500      0x1fc C:/ISIS/workspace_tevel/ycube/GlobusSatProject/..//hal/hcc/lib\libHCCD.a(safefat.o)
                0x2001a500                safe_poweron
 .text.cf_getname
                0x2001a6fc       0xc0 C:/ISIS/workspace_tevel/ycube/GlobusSatProject/..//hal/hcc/lib\libHCCD.a(safefat.o)
 .text.cf_copyclusterchain
                0x2001a7bc      0x138 C:/ISIS/workspace_tevel/ycube/GlobusSatProject/..//hal/hcc/lib\libHCCD.a(safefat.o)
 .text.cf_seektozero
                0x2001a8f4       0x94 C:/ISIS/workspace_tevel/ycube/GlobusSatProject/..//hal/hcc/lib\libHCCD.a(safefat.o)
                0x2001a8f4                cf_seektozero
 .text.cf_create
                0x2001a988      0x3a8 C:/ISIS/workspace_tevel/ycube/GlobusSatProject/..//hal/hcc/lib\libHCCD.a(safefat.o)
                0x2001a988                cf_create
 .text.cf_copyclustercontent
                0x2001ad30      0x128 C:/ISIS/workspace_tevel/ycube/GlobusSatProject/..//hal/hcc/lib\libHCCD.a(safefat.o)
                0x2001ad30                cf_copyclustercontent
 .text.cf_copycfn
                0x2001ae58      0x4bc C:/ISIS/workspace_tevel/ycube/GlobusSatProject/..//hal/hcc/lib\libHCCD.a(safefat.o)
                0x2001ae58                cf_copycfn
 .text.cf_remove
                0x2001b314      0x344 C:/ISIS/workspace_tevel/ycube/GlobusSatProject/..//hal/hcc/lib\libHCCD.a(safefat.o)
                0x2001b314                cf_remove
 .text.cf_setclusternew
                0x2001b658       0xf0 C:/ISIS/workspace_tevel/ycube/GlobusSatProject/..//hal/hcc/lib\libHCCD.a(safefat.o)
                0x2001b658                cf_setclusternew
 .text.cf_flush
                0x2001b748       0x58 C:/ISIS/workspace_tevel/ycube/GlobusSatProject/..//hal/hcc/lib\libHCCD.a(safefat.o)
                0x2001b748                cf_flush
 .text.cf_getcluster
                0x2001b7a0      0x1b4 C:/ISIS/workspace_tevel/ycube/GlobusSatProject/..//hal/hcc/lib\libHCCD.a(safefat.o)
                0x2001b7a0                cf_getcluster
 .text.cf_setnextcluster
                0x2001b954      0x194 C:/ISIS/workspace_tevel/ycube/GlobusSatProject/..//hal/hcc/lib\libHCCD.a(safefat.o)
                0x2001b954                cf_setnextcluster
 .text.cf_getpositions
                0x2001bae8       0xbc C:/ISIS/workspace_tevel/ycube/GlobusSatProject/..//hal/hcc/lib\libHCCD.a(safefat.o)
                0x2001bae8                cf_getpositions
 .text.cf_setpositions
                0x2001bba4       0xb0 C:/ISIS/workspace_tevel/ycube/GlobusSatProject/..//hal/hcc/lib\libHCCD.a(safefat.o)
                0x2001bba4                cf_setpositions
 .text.cf_opensyncafile
                0x2001bc54      0x150 C:/ISIS/workspace_tevel/ycube/GlobusSatProject/..//hal/hcc/lib\libHCCD.a(safefat.o)
                0x2001bc54                cf_opensyncafile
 .text.cf_reloadcfo
                0x2001bda4       0xd8 C:/ISIS/workspace_tevel/ycube/GlobusSatProject/..//hal/hcc/lib\libHCCD.a(safefat.o)
                0x2001bda4                cf_reloadcfo
 .text.mcipdc_cmd
                0x2001be7c      0x22c C:/ISIS/workspace_tevel/ycube/GlobusSatProject/..//hal/hcc/lib\libHCCD.a(atmel_mcipdc.o)
 .text.mcipdc_stop
                0x2001c0a8       0xfc C:/ISIS/workspace_tevel/ycube/GlobusSatProject/..//hal/hcc/lib\libHCCD.a(atmel_mcipdc.o)
                0x2001c0a8                mcipdc_stop
 .text.mcipdc_read
                0x2001c1a4      0x27c C:/ISIS/workspace_tevel/ycube/GlobusSatProject/..//hal/hcc/lib\libHCCD.a(atmel_mcipdc.o)
 .text.mcipdc_write
                0x2001c420      0x298 C:/ISIS/workspace_tevel/ycube/GlobusSatProject/..//hal/hcc/lib\libHCCD.a(atmel_mcipdc.o)
 .text.mcipdc_readsector
                0x2001c6b8       0x9c C:/ISIS/workspace_tevel/ycube/GlobusSatProject/..//hal/hcc/lib\libHCCD.a(atmel_mcipdc.o)
                0x2001c6b8                mcipdc_readsector
 .text.mcipdc_readmultiplesector
                0x2001c754      0x124 C:/ISIS/workspace_tevel/ycube/GlobusSatProject/..//hal/hcc/lib\libHCCD.a(atmel_mcipdc.o)
                0x2001c754                mcipdc_readmultiplesector
 .text.mcipdc_writesector
                0x2001c878       0x90 C:/ISIS/workspace_tevel/ycube/GlobusSatProject/..//hal/hcc/lib\libHCCD.a(atmel_mcipdc.o)
                0x2001c878                mcipdc_writesector
 .text.mcipdc_writemultiplesector
                0x2001c908      0x120 C:/ISIS/workspace_tevel/ycube/GlobusSatProject/..//hal/hcc/lib\libHCCD.a(atmel_mcipdc.o)
                0x2001c908                mcipdc_writemultiplesector
 .text.mcipdc_set_speed
                0x2001ca28       0xb0 C:/ISIS/workspace_tevel/ycube/GlobusSatProject/..//hal/hcc/lib\libHCCD.a(atmel_mcipdc.o)
 .text.mcipdc_get_speed
                0x2001cad8       0x48 C:/ISIS/workspace_tevel/ycube/GlobusSatProject/..//hal/hcc/lib\libHCCD.a(atmel_mcipdc.o)
 .text._get_csd_bits
                0x2001cb20      0x14c C:/ISIS/workspace_tevel/ycube/GlobusSatProject/..//hal/hcc/lib\libHCCD.a(atmel_mcipdc.o)
 .text.mcipdc_initcard
                0x2001cc6c      0x8f4 C:/ISIS/workspace_tevel/ycube/GlobusSatProject/..//hal/hcc/lib\libHCCD.a(atmel_mcipdc.o)
 .text.mcipdc_getstatus
                0x2001d560       0xe8 C:/ISIS/workspace_tevel/ycube/GlobusSatProject/..//hal/hcc/lib\libHCCD.a(atmel_mcipdc.o)
 .text.mcipdc_getphy
                0x2001d648       0x90 C:/ISIS/workspace_tevel/ycube/GlobusSatProject/..//hal/hcc/lib\libHCCD.a(atmel_mcipdc.o)
 .text.mcipdc_release
                0x2001d6d8       0x50 C:/ISIS/workspace_tevel/ycube/GlobusSatProject/..//hal/hcc/lib\libHCCD.a(atmel_mcipdc.o)
 .text.atmel_mcipdc_initfunc
                0x2001d728      0x160 C:/ISIS/workspace_tevel/ycube/GlobusSatProject/..//hal/hcc/lib\libHCCD.a(atmel_mcipdc.o)
                0x2001d728                atmel_mcipdc_initfunc
 .text.oal_mutex_create
                0x2001d888       0x54 C:/ISIS/workspace_tevel/ycube/GlobusSatProject/..//hal/hcc/lib\libHCCD.a(oalp_mutex.o)
                0x2001d888                oal_mutex_create
 .text.oal_mutex_delete
                0x2001d8dc       0x30 C:/ISIS/workspace_tevel/ycube/GlobusSatProject/..//hal/hcc/lib\libHCCD.a(oalp_mutex.o)
                0x2001d8dc                oal_mutex_delete
 .text.oal_mutex_get
                0x2001d90c       0x58 C:/ISIS/workspace_tevel/ycube/GlobusSatProject/..//hal/hcc/lib\libHCCD.a(oalp_mutex.o)
                0x2001d90c                oal_mutex_get
 .text.oal_mutex_put
                0x2001d964       0x58 C:/ISIS/workspace_tevel/ycube/GlobusSatProject/..//hal/hcc/lib\libHCCD.a(oalp_mutex.o)
                0x2001d964                oal_mutex_put
 .text.oal_task_get_id
                0x2001d9bc       0x18 C:/ISIS/workspace_tevel/ycube/GlobusSatProject/..//hal/hcc/lib\libHCCD.a(oalp_task.o)
                0x2001d9bc                oal_task_get_id
 .text.mcipdc_hw_init
                0x2001d9d4       0xe8 C:/ISIS/workspace_tevel/ycube/GlobusSatProject/..//hal/hcc/lib\libHCCD.a(atmel_mcipdc_hw.o)
                0x2001d9d4                mcipdc_hw_init
 .text.mcipdc_hw_delete
                0x2001dabc       0x78 C:/ISIS/workspace_tevel/ycube/GlobusSatProject/..//hal/hcc/lib\libHCCD.a(atmel_mcipdc_hw.o)
                0x2001dabc                mcipdc_hw_delete
 .text.mcipdc_hw_card_plugged
                0x2001db34       0x1c C:/ISIS/workspace_tevel/ycube/GlobusSatProject/..//hal/hcc/lib\libHCCD.a(atmel_mcipdc_hw.o)
                0x2001db34                mcipdc_hw_card_plugged
 .text.mcipdc_hw_card_writeprotect
                0x2001db50       0x1c C:/ISIS/workspace_tevel/ycube/GlobusSatProject/..//hal/hcc/lib\libHCCD.a(atmel_mcipdc_hw.o)
                0x2001db50                mcipdc_hw_card_writeprotect
 .text.psp_getcurrenttimedate
                0x2001db6c       0x8c C:/ISIS/workspace_tevel/ycube/GlobusSatProject/..//hal/hcc/lib\libHCCD.a(psp_rtc.o)
                0x2001db6c                psp_getcurrenttimedate
 .text._hcc_get_buf_dsc
                0x2001dbf8       0x8c C:/ISIS/workspace_tevel/ycube/GlobusSatProject/..//hal/hcc/lib\libHCCD.a(hcc_mem.o)
 .text._hcc_check_free_pages
                0x2001dc84      0x18c C:/ISIS/workspace_tevel/ycube/GlobusSatProject/..//hal/hcc/lib\libHCCD.a(hcc_mem.o)
 .text._hcc_mark_pages
                0x2001de10      0x158 C:/ISIS/workspace_tevel/ycube/GlobusSatProject/..//hal/hcc/lib\libHCCD.a(hcc_mem.o)
 .text._hcc_clear_lock_dsc
                0x2001df68       0x80 C:/ISIS/workspace_tevel/ycube/GlobusSatProject/..//hal/hcc/lib\libHCCD.a(hcc_mem.o)
 .text._hcc_lock_access
                0x2001dfe8      0x128 C:/ISIS/workspace_tevel/ycube/GlobusSatProject/..//hal/hcc/lib\libHCCD.a(hcc_mem.o)
 .text._hcc_unlock_access
                0x2001e110       0x30 C:/ISIS/workspace_tevel/ycube/GlobusSatProject/..//hal/hcc/lib\libHCCD.a(hcc_mem.o)
 .text.hcc_mem_alloc
                0x2001e140      0x454 C:/ISIS/workspace_tevel/ycube/GlobusSatProject/..//hal/hcc/lib\libHCCD.a(hcc_mem.o)
                0x2001e140                hcc_mem_alloc
 .text.hcc_mem_free
                0x2001e594      0x178 C:/ISIS/workspace_tevel/ycube/GlobusSatProject/..//hal/hcc/lib\libHCCD.a(hcc_mem.o)
                0x2001e594                hcc_mem_free
 .text.hcc_mem_add
                0x2001e70c      0x3b0 C:/ISIS/workspace_tevel/ycube/GlobusSatProject/..//hal/hcc/lib\libHCCD.a(hcc_mem.o)
                0x2001e70c                hcc_mem_add
 .text.hcc_mem_init
                0x2001eabc      0x164 C:/ISIS/workspace_tevel/ycube/GlobusSatProject/..//hal/hcc/lib\libHCCD.a(hcc_mem.o)
                0x2001eabc                hcc_mem_init
 .text._f_invalidatedir
                0x2001ec20       0x28 C:/ISIS/workspace_tevel/ycube/GlobusSatProject/..//hal/hcc/lib\libHCCD.a(fat.o)
                0x2001ec20                _f_invalidatedir
 .text._f_getdirsector
                0x2001ec48       0x88 C:/ISIS/workspace_tevel/ycube/GlobusSatProject/..//hal/hcc/lib\libHCCD.a(fat.o)
                0x2001ec48                _f_getdirsector
 .text._f_writedirsector
                0x2001ecd0       0x74 C:/ISIS/workspace_tevel/ycube/GlobusSatProject/..//hal/hcc/lib\libHCCD.a(fat.o)
                0x2001ecd0                _f_writedirsector
 .text._f_checknameinv
                0x2001ed44      0x180 C:/ISIS/workspace_tevel/ycube/GlobusSatProject/..//hal/hcc/lib\libHCCD.a(fat.o)
 .text._f_checkname
                0x2001eec4       0x7c C:/ISIS/workspace_tevel/ycube/GlobusSatProject/..//hal/hcc/lib\libHCCD.a(fat.o)
 .text._f_checknamewc
                0x2001ef40       0xf8 C:/ISIS/workspace_tevel/ycube/GlobusSatProject/..//hal/hcc/lib\libHCCD.a(fat.o)
 .text._f_setnameext
                0x2001f038      0x300 C:/ISIS/workspace_tevel/ycube/GlobusSatProject/..//hal/hcc/lib\libHCCD.a(fat.o)
 .text._f_setfsname
                0x2001f338      0x584 C:/ISIS/workspace_tevel/ycube/GlobusSatProject/..//hal/hcc/lib\libHCCD.a(fat.o)
 .text._f_findfile
                0x2001f8bc      0x30c C:/ISIS/workspace_tevel/ycube/GlobusSatProject/..//hal/hcc/lib\libHCCD.a(fat.o)
 .text._f_cmp_wname
                0x2001fbc8      0x274 C:/ISIS/workspace_tevel/ycube/GlobusSatProject/..//hal/hcc/lib\libHCCD.a(fat.o)
 .text._f_to_string
                0x2001fe3c      0x130 C:/ISIS/workspace_tevel/ycube/GlobusSatProject/..//hal/hcc/lib\libHCCD.a(fat.o)
 .text._f_findfilewc
                0x2001ff6c      0x278 C:/ISIS/workspace_tevel/ycube/GlobusSatProject/..//hal/hcc/lib\libHCCD.a(fat.o)
 .text._f_getfilename
                0x200201e4      0x20c C:/ISIS/workspace_tevel/ycube/GlobusSatProject/..//hal/hcc/lib\libHCCD.a(fat.o)
 .text._f_findpath
                0x200203f0      0x35c C:/ISIS/workspace_tevel/ycube/GlobusSatProject/..//hal/hcc/lib\libHCCD.a(fat.o)
 .text.fn_getdcwd
                0x2002074c      0x1e0 C:/ISIS/workspace_tevel/ycube/GlobusSatProject/..//hal/hcc/lib\libHCCD.a(fat.o)
                0x2002074c                fn_getdcwd
 .text.fn_findfirst
                0x2002092c      0x13c C:/ISIS/workspace_tevel/ycube/GlobusSatProject/..//hal/hcc/lib\libHCCD.a(fat.o)
                0x2002092c                fn_findfirst
 .text.fn_findnext
                0x20020a68      0x360 C:/ISIS/workspace_tevel/ycube/GlobusSatProject/..//hal/hcc/lib\libHCCD.a(fat.o)
                0x20020a68                fn_findnext
 .text._f_lock_resfile
                0x20020dc8       0x6c C:/ISIS/workspace_tevel/ycube/GlobusSatProject/..//hal/hcc/lib\libHCCD.a(fat.o)
 .text._f_unlock_resfile
                0x20020e34       0x40 C:/ISIS/workspace_tevel/ycube/GlobusSatProject/..//hal/hcc/lib\libHCCD.a(fat.o)
 .text._f_getintfile
                0x20020e74      0x124 C:/ISIS/workspace_tevel/ycube/GlobusSatProject/..//hal/hcc/lib\libHCCD.a(fat.o)
 .text._f_addentry
                0x20020f98      0x540 C:/ISIS/workspace_tevel/ycube/GlobusSatProject/..//hal/hcc/lib\libHCCD.a(fat.o)
 .text.fn_open_sub
                0x200214d8     0x1698 C:/ISIS/workspace_tevel/ycube/GlobusSatProject/..//hal/hcc/lib\libHCCD.a(fat.o)
 .text.fn_open  0x20022b70       0x44 C:/ISIS/workspace_tevel/ycube/GlobusSatProject/..//hal/hcc/lib\libHCCD.a(fat.o)
                0x20022b70                fn_open
 .text.fn_delete
                0x20022bb4      0x490 C:/ISIS/workspace_tevel/ycube/GlobusSatProject/..//hal/hcc/lib\libHCCD.a(fat.o)
                0x20022bb4                fn_delete
 .text.hcc_mem_buf_alloc
                0x20023044       0xe4 C:/ISIS/workspace_tevel/ycube/GlobusSatProject/..//hal/hcc/lib\libHCCD.a(psp_hcc_mem.o)
                0x20023044                hcc_mem_buf_alloc
 .text.makeAntStransfer
                0x20023128       0x4c C:/ISIS/workspace_tevel/ycube/GlobusSatProject/..//satellite-subsystems/satellite-subsystems/lib\libSatelliteSubsystemsD.a(IsisAntS.o)
 .text.checkInputsValid
                0x20023174       0x7c C:/ISIS/workspace_tevel/ycube/GlobusSatProject/..//satellite-subsystems/satellite-subsystems/lib\libSatelliteSubsystemsD.a(IsisAntS.o)
 .text.IsisAntS_initialize
                0x200231f0      0x26c C:/ISIS/workspace_tevel/ycube/GlobusSatProject/..//satellite-subsystems/satellite-subsystems/lib\libSatelliteSubsystemsD.a(IsisAntS.o)
                0x200231f0                IsisAntS_initialize
 .text.IsisAntS_setArmStatus
                0x2002345c      0x104 C:/ISIS/workspace_tevel/ycube/GlobusSatProject/..//satellite-subsystems/satellite-subsystems/lib\libSatelliteSubsystemsD.a(IsisAntS.o)
                0x2002345c                IsisAntS_setArmStatus
 .text.IsisAntS_getStatusData
                0x20023560      0x120 C:/ISIS/workspace_tevel/ycube/GlobusSatProject/..//satellite-subsystems/satellite-subsystems/lib\libSatelliteSubsystemsD.a(IsisAntS.o)
                0x20023560                IsisAntS_getStatusData
 .text.IsisAntS_getUptime
                0x20023680      0x120 C:/ISIS/workspace_tevel/ycube/GlobusSatProject/..//satellite-subsystems/satellite-subsystems/lib\libSatelliteSubsystemsD.a(IsisAntS.o)
                0x20023680                IsisAntS_getUptime
 .text.IsisAntS_getAlltelemetry
                0x200237a0      0x120 C:/ISIS/workspace_tevel/ycube/GlobusSatProject/..//satellite-subsystems/satellite-subsystems/lib\libSatelliteSubsystemsD.a(IsisAntS.o)
                0x200237a0                IsisAntS_getAlltelemetry
 .text.IsisAntS_reset
                0x200238c0      0x104 C:/ISIS/workspace_tevel/ycube/GlobusSatProject/..//satellite-subsystems/satellite-subsystems/lib\libSatelliteSubsystemsD.a(IsisAntS.o)
                0x200238c0                IsisAntS_reset
 .text.IsisAntS_cancelDeployment
                0x200239c4      0x104 C:/ISIS/workspace_tevel/ycube/GlobusSatProject/..//satellite-subsystems/satellite-subsystems/lib\libSatelliteSubsystemsD.a(IsisAntS.o)
                0x200239c4                IsisAntS_cancelDeployment
 .text.IsisSolarPanelv2_initialize
                0x20023ac8       0xb4 C:/ISIS/workspace_tevel/ycube/GlobusSatProject/..//satellite-subsystems/satellite-subsystems/lib\libSatelliteSubsystemsD.a(IsisSolarPanelv2.o)
                0x20023ac8                IsisSolarPanelv2_initialize
 .text.IsisSolarPanelv2_getTemperature
                0x20023b7c       0xc8 C:/ISIS/workspace_tevel/ycube/GlobusSatProject/..//satellite-subsystems/satellite-subsystems/lib\libSatelliteSubsystemsD.a(IsisSolarPanelv2.o)
                0x20023b7c                IsisSolarPanelv2_getTemperature
 .text.IsisSolarPanelv2_getState
                0x20023c44       0x24 C:/ISIS/workspace_tevel/ycube/GlobusSatProject/..//satellite-subsystems/satellite-subsystems/lib\libSatelliteSubsystemsD.a(IsisSolarPanelv2.o)
                0x20023c44                IsisSolarPanelv2_getState
 .text._Reset   0x20023c68       0x20 C:/ISIS/workspace_tevel/ycube/GlobusSatProject/..//satellite-subsystems/satellite-subsystems/lib\libSatelliteSubsystemsD.a(IsisSolarPanelv2.o)
 .text._WaitForStartup
                0x20023c88       0x90 C:/ISIS/workspace_tevel/ycube/GlobusSatProject/..//satellite-subsystems/satellite-subsystems/lib\libSatelliteSubsystemsD.a(IsisSolarPanelv2.o)
 .text._AssignAllChannels
                0x20023d18       0x90 C:/ISIS/workspace_tevel/ycube/GlobusSatProject/..//satellite-subsystems/satellite-subsystems/lib\libSatelliteSubsystemsD.a(IsisSolarPanelv2.o)
 .text._AssignThisChannel
                0x20023da8       0xe8 C:/ISIS/workspace_tevel/ycube/GlobusSatProject/..//satellite-subsystems/satellite-subsystems/lib\libSatelliteSubsystemsD.a(IsisSolarPanelv2.o)
 .text._InitiateConversion
                0x20023e90       0xac C:/ISIS/workspace_tevel/ycube/GlobusSatProject/..//satellite-subsystems/satellite-subsystems/lib\libSatelliteSubsystemsD.a(IsisSolarPanelv2.o)
 .text._WaitForConversionComplete
                0x20023f3c      0x100 C:/ISIS/workspace_tevel/ycube/GlobusSatProject/..//satellite-subsystems/satellite-subsystems/lib\libSatelliteSubsystemsD.a(IsisSolarPanelv2.o)
 .text._ReadResult
                0x2002403c      0x158 C:/ISIS/workspace_tevel/ycube/GlobusSatProject/..//satellite-subsystems/satellite-subsystems/lib\libSatelliteSubsystemsD.a(IsisSolarPanelv2.o)
 .text._ExtractByte
                0x20024194       0x38 C:/ISIS/workspace_tevel/ycube/GlobusSatProject/..//satellite-subsystems/satellite-subsystems/lib\libSatelliteSubsystemsD.a(IsisSolarPanelv2.o)
 .text._ExtendSign
                0x200241cc       0x6c C:/ISIS/workspace_tevel/ycube/GlobusSatProject/..//satellite-subsystems/satellite-subsystems/lib\libSatelliteSubsystemsD.a(IsisSolarPanelv2.o)
 .text._PinsInit
                0x20024238       0x50 C:/ISIS/workspace_tevel/ycube/GlobusSatProject/..//satellite-subsystems/satellite-subsystems/lib\libSatelliteSubsystemsD.a(IsisSolarPanelv2.o)
 .text._SpiWriteRead
                0x20024288       0x70 C:/ISIS/workspace_tevel/ycube/GlobusSatProject/..//satellite-subsystems/satellite-subsystems/lib\libSatelliteSubsystemsD.a(IsisSolarPanelv2.o)
 .text.IsisTrxvu_initialize
                0x200242f8      0x2f4 C:/ISIS/workspace_tevel/ycube/GlobusSatProject/..//satellite-subsystems/satellite-subsystems/lib\libSatelliteSubsystemsD.a(IsisTRXVU.o)
                0x200242f8                IsisTrxvu_initialize
 .text.makeTRXVUtransfer
                0x200245ec       0x44 C:/ISIS/workspace_tevel/ycube/GlobusSatProject/..//satellite-subsystems/satellite-subsystems/lib\libSatelliteSubsystemsD.a(IsisTRXVU.o)
 .text.IsisTrxvu_componentSoftReset
                0x20024630       0x6c C:/ISIS/workspace_tevel/ycube/GlobusSatProject/..//satellite-subsystems/satellite-subsystems/lib\libSatelliteSubsystemsD.a(IsisTRXVU.o)
                0x20024630                IsisTrxvu_componentSoftReset
 .text.IsisTrxvu_componentHardReset
                0x2002469c       0xc8 C:/ISIS/workspace_tevel/ycube/GlobusSatProject/..//satellite-subsystems/satellite-subsystems/lib\libSatelliteSubsystemsD.a(IsisTRXVU.o)
                0x2002469c                IsisTrxvu_componentHardReset
 .text.IsisTrxvu_softReset
                0x20024764       0x74 C:/ISIS/workspace_tevel/ycube/GlobusSatProject/..//satellite-subsystems/satellite-subsystems/lib\libSatelliteSubsystemsD.a(IsisTRXVU.o)
                0x20024764                IsisTrxvu_softReset
 .text.IsisTrxvu_hardReset
                0x200247d8       0x74 C:/ISIS/workspace_tevel/ycube/GlobusSatProject/..//satellite-subsystems/satellite-subsystems/lib\libSatelliteSubsystemsD.a(IsisTRXVU.o)
                0x200247d8                IsisTrxvu_hardReset
 .text.IsisTrxvu_tcSetIdlestate
                0x2002484c       0xa4 C:/ISIS/workspace_tevel/ycube/GlobusSatProject/..//satellite-subsystems/satellite-subsystems/lib\libSatelliteSubsystemsD.a(IsisTRXVU.o)
                0x2002484c                IsisTrxvu_tcSetIdlestate
 .text.IsisTrxvu_tcSetAx25Bitrate
                0x200248f0       0xc4 C:/ISIS/workspace_tevel/ycube/GlobusSatProject/..//satellite-subsystems/satellite-subsystems/lib\libSatelliteSubsystemsD.a(IsisTRXVU.o)
                0x200248f0                IsisTrxvu_tcSetAx25Bitrate
 .text.IsisTrxvu_tcGetUptime
                0x200249b4       0xa0 C:/ISIS/workspace_tevel/ycube/GlobusSatProject/..//satellite-subsystems/satellite-subsystems/lib\libSatelliteSubsystemsD.a(IsisTRXVU.o)
                0x200249b4                IsisTrxvu_tcGetUptime
 .text.IsisTrxvu_tcGetState
                0x20024a54       0xd0 C:/ISIS/workspace_tevel/ycube/GlobusSatProject/..//satellite-subsystems/satellite-subsystems/lib\libSatelliteSubsystemsD.a(IsisTRXVU.o)
                0x20024a54                IsisTrxvu_tcGetState
 .text.IsisTrxvu_tcGetTelemetryAll
                0x20024b24       0xd0 C:/ISIS/workspace_tevel/ycube/GlobusSatProject/..//satellite-subsystems/satellite-subsystems/lib\libSatelliteSubsystemsD.a(IsisTRXVU.o)
                0x20024b24                IsisTrxvu_tcGetTelemetryAll
 .text.IsisTrxvu_rcGetFrameCount
                0x20024bf4       0xa0 C:/ISIS/workspace_tevel/ycube/GlobusSatProject/..//satellite-subsystems/satellite-subsystems/lib\libSatelliteSubsystemsD.a(IsisTRXVU.o)
                0x20024bf4                IsisTrxvu_rcGetFrameCount
 .text.IsisTrxvu_rcGetCommandFrame
                0x20024c94      0x2d8 C:/ISIS/workspace_tevel/ycube/GlobusSatProject/..//satellite-subsystems/satellite-subsystems/lib\libSatelliteSubsystemsD.a(IsisTRXVU.o)
                0x20024c94                IsisTrxvu_rcGetCommandFrame
 .text.IsisTrxvu_rcGetTelemetryAll
                0x20024f6c       0xd0 C:/ISIS/workspace_tevel/ycube/GlobusSatProject/..//satellite-subsystems/satellite-subsystems/lib\libSatelliteSubsystemsD.a(IsisTRXVU.o)
                0x20024f6c                IsisTrxvu_rcGetTelemetryAll
 .text.IsisTrxvu_rcGetUptime
                0x2002503c       0xa0 C:/ISIS/workspace_tevel/ycube/GlobusSatProject/..//satellite-subsystems/satellite-subsystems/lib\libSatelliteSubsystemsD.a(IsisTRXVU.o)
                0x2002503c                IsisTrxvu_rcGetUptime
 .text.ISIS_EPS_Init
                0x200250dc       0xc8 C:/ISIS/workspace_tevel/ycube/GlobusSatProject/..//satellite-subsystems/satellite-subsystems/lib\libSatelliteSubsystemsD.a(isis_eps_driver.o)
                0x200250dc                ISIS_EPS_Init
 .text.isis_eps__reset__tmtc
                0x200251a4       0xe8 C:/ISIS/workspace_tevel/ycube/GlobusSatProject/..//satellite-subsystems/satellite-subsystems/lib\libSatelliteSubsystemsD.a(isis_eps_driver.o)
                0x200251a4                isis_eps__reset__tmtc
 .text.isis_eps__watchdog__tm
                0x2002528c       0xac C:/ISIS/workspace_tevel/ycube/GlobusSatProject/..//satellite-subsystems/satellite-subsystems/lib\libSatelliteSubsystemsD.a(isis_eps_driver.o)
                0x2002528c                isis_eps__watchdog__tm
 .text.isis_eps__getparameter__tmtc
                0x20025338       0xe8 C:/ISIS/workspace_tevel/ycube/GlobusSatProject/..//satellite-subsystems/satellite-subsystems/lib\libSatelliteSubsystemsD.a(isis_eps_driver.o)
                0x20025338                isis_eps__getparameter__tmtc
 .text.isis_eps__setparameter__tmtc
                0x20025420       0xe8 C:/ISIS/workspace_tevel/ycube/GlobusSatProject/..//satellite-subsystems/satellite-subsystems/lib\libSatelliteSubsystemsD.a(isis_eps_driver.o)
                0x20025420                isis_eps__setparameter__tmtc
 .text.isis_eps__gethousekeepingeng__tm
                0x20025508       0xac C:/ISIS/workspace_tevel/ycube/GlobusSatProject/..//satellite-subsystems/satellite-subsystems/lib\libSatelliteSubsystemsD.a(isis_eps_driver.o)
                0x20025508                isis_eps__gethousekeepingeng__tm
 .text.isis_eps__gethousekeepingengincdb__tm
                0x200255b4       0xac C:/ISIS/workspace_tevel/ycube/GlobusSatProject/..//satellite-subsystems/satellite-subsystems/lib\libSatelliteSubsystemsD.a(isis_eps_driver.o)
                0x200255b4                isis_eps__gethousekeepingengincdb__tm
 .text._I2C_Send
                0x20025660       0x78 C:/ISIS/workspace_tevel/ycube/GlobusSatProject/..//satellite-subsystems/satellite-subsystems/lib\libSatelliteSubsystemsD.a(isis_eps_driver.o)
 .text.makeTRXCommonTransfer
                0x200256d8       0x34 C:/ISIS/workspace_tevel/ycube/GlobusSatProject/..//satellite-subsystems/satellite-subsystems/lib\libSatelliteSubsystemsD.a(IsisTRXCommon.o)
 .text.IsisTrxCommon_componentReset
                0x2002570c       0x68 C:/ISIS/workspace_tevel/ycube/GlobusSatProject/..//satellite-subsystems/satellite-subsystems/lib\libSatelliteSubsystemsD.a(IsisTRXCommon.o)
                0x2002570c                IsisTrxCommon_componentReset
 .text.IsisTrxCommon_TxSetIdlestate
                0x20025774       0x78 C:/ISIS/workspace_tevel/ycube/GlobusSatProject/..//satellite-subsystems/satellite-subsystems/lib\libSatelliteSubsystemsD.a(IsisTRXCommon.o)
                0x20025774                IsisTrxCommon_TxSetIdlestate
 .text.IsisTrxCommon_TxSetAx25Bitrate
                0x200257ec       0x78 C:/ISIS/workspace_tevel/ycube/GlobusSatProject/..//satellite-subsystems/satellite-subsystems/lib\libSatelliteSubsystemsD.a(IsisTRXCommon.o)
                0x200257ec                IsisTrxCommon_TxSetAx25Bitrate
 .text.IsisTrxCommon_RxGetFrameCount
                0x20025864       0x8c C:/ISIS/workspace_tevel/ycube/GlobusSatProject/..//satellite-subsystems/satellite-subsystems/lib\libSatelliteSubsystemsD.a(IsisTRXCommon.o)
                0x20025864                IsisTrxCommon_RxGetFrameCount
 .text.IsisTrxCommon_GetUptime
                0x200258f0       0x8c C:/ISIS/workspace_tevel/ycube/GlobusSatProject/..//satellite-subsystems/satellite-subsystems/lib\libSatelliteSubsystemsD.a(IsisTRXCommon.o)
                0x200258f0                IsisTrxCommon_GetUptime
 .text.xQueueGenericReset
                0x2002597c      0x150 C:/ISIS/workspace_tevel/ycube/GlobusSatProject/..//hal/freertos/lib\libFreeRTOSD.a(queue.o)
                0x2002597c                xQueueGenericReset
 .text.xQueueGenericCreate
                0x20025acc      0x108 C:/ISIS/workspace_tevel/ycube/GlobusSatProject/..//hal/freertos/lib\libFreeRTOSD.a(queue.o)
                0x20025acc                xQueueGenericCreate
 .text.xQueueCreateMutex
                0x20025bd4      0x11c C:/ISIS/workspace_tevel/ycube/GlobusSatProject/..//hal/freertos/lib\libFreeRTOSD.a(queue.o)
                0x20025bd4                xQueueCreateMutex
 .text.xQueueGenericSend
                0x20025cf0      0x298 C:/ISIS/workspace_tevel/ycube/GlobusSatProject/..//hal/freertos/lib\libFreeRTOSD.a(queue.o)
                0x20025cf0                xQueueGenericSend
 .text.xQueueGenericSendFromISR
                0x20025f88      0x1e0 C:/ISIS/workspace_tevel/ycube/GlobusSatProject/..//hal/freertos/lib\libFreeRTOSD.a(queue.o)
                0x20025f88                xQueueGenericSendFromISR
 .text.xQueueGenericReceive
                0x20026168      0x2cc C:/ISIS/workspace_tevel/ycube/GlobusSatProject/..//hal/freertos/lib\libFreeRTOSD.a(queue.o)
                0x20026168                xQueueGenericReceive
 .text.uxQueueMessagesWaiting
                0x20026434       0x6c C:/ISIS/workspace_tevel/ycube/GlobusSatProject/..//hal/freertos/lib\libFreeRTOSD.a(queue.o)
                0x20026434                uxQueueMessagesWaiting
 .text.vQueueDelete
                0x200264a0       0x78 C:/ISIS/workspace_tevel/ycube/GlobusSatProject/..//hal/freertos/lib\libFreeRTOSD.a(queue.o)
                0x200264a0                vQueueDelete
 .text.prvCopyDataToQueue
                0x20026518      0x190 C:/ISIS/workspace_tevel/ycube/GlobusSatProject/..//hal/freertos/lib\libFreeRTOSD.a(queue.o)
 .text.prvCopyDataFromQueue
                0x200266a8       0x90 C:/ISIS/workspace_tevel/ycube/GlobusSatProject/..//hal/freertos/lib\libFreeRTOSD.a(queue.o)
 .text.prvUnlockQueue